<?xml version="1.0"?>
<link_info>
   <banner>TMS320C55x Linker PC v4.4.1</banner>
   <copyright>Copyright (c) 1996-2012 Texas Instruments Incorporated</copyright>
   <link_time>0x63582510</link_time>
   <output_file>vibrato.out</output_file>
   <entry_point>
      <name>_c_int00</name>
      <address>0x4fdd</address>
   </entry_point>
   <input_file_list>
      <input_file id="fl-2">
         <path>.\src\</path>
         <kind>object</kind>
         <file>main.obj</file>
         <name>main.obj</name>
      </input_file>
      <input_file id="fl-3">
         <path>.\src\</path>
         <kind>object</kind>
         <file>vibrato.obj</file>
         <name>vibrato.obj</name>
      </input_file>
      <input_file id="fl-7">
         <path>C:\ti\ccs1210\ccs\tools\compiler\c5500_4.4.1\lib\</path>
         <kind>archive</kind>
         <file>rts55x.lib</file>
         <name>addd.obj</name>
      </input_file>
      <input_file id="fl-8">
         <path>C:\ti\ccs1210\ccs\tools\compiler\c5500_4.4.1\lib\</path>
         <kind>archive</kind>
         <file>rts55x.lib</file>
         <name>boot.obj</name>
      </input_file>
      <input_file id="fl-9">
         <path>C:\ti\ccs1210\ccs\tools\compiler\c5500_4.4.1\lib\</path>
         <kind>archive</kind>
         <file>rts55x.lib</file>
         <name>divd.obj</name>
      </input_file>
      <input_file id="fl-a">
         <path>C:\ti\ccs1210\ccs\tools\compiler\c5500_4.4.1\lib\</path>
         <kind>archive</kind>
         <file>rts55x.lib</file>
         <name>exit.obj</name>
      </input_file>
      <input_file id="fl-b">
         <path>C:\ti\ccs1210\ccs\tools\compiler\c5500_4.4.1\lib\</path>
         <kind>archive</kind>
         <file>rts55x.lib</file>
         <name>fclose.obj</name>
      </input_file>
      <input_file id="fl-c">
         <path>C:\ti\ccs1210\ccs\tools\compiler\c5500_4.4.1\lib\</path>
         <kind>archive</kind>
         <file>rts55x.lib</file>
         <name>fflush.obj</name>
      </input_file>
      <input_file id="fl-d">
         <path>C:\ti\ccs1210\ccs\tools\compiler\c5500_4.4.1\lib\</path>
         <kind>archive</kind>
         <file>rts55x.lib</file>
         <name>fixdi.obj</name>
      </input_file>
      <input_file id="fl-e">
         <path>C:\ti\ccs1210\ccs\tools\compiler\c5500_4.4.1\lib\</path>
         <kind>archive</kind>
         <file>rts55x.lib</file>
         <name>fixdli.obj</name>
      </input_file>
      <input_file id="fl-f">
         <path>C:\ti\ccs1210\ccs\tools\compiler\c5500_4.4.1\lib\</path>
         <kind>archive</kind>
         <file>rts55x.lib</file>
         <name>floor.obj</name>
      </input_file>
      <input_file id="fl-10">
         <path>C:\ti\ccs1210\ccs\tools\compiler\c5500_4.4.1\lib\</path>
         <kind>archive</kind>
         <file>rts55x.lib</file>
         <name>fltid.obj</name>
      </input_file>
      <input_file id="fl-11">
         <path>C:\ti\ccs1210\ccs\tools\compiler\c5500_4.4.1\lib\</path>
         <kind>archive</kind>
         <file>rts55x.lib</file>
         <name>fltlid.obj</name>
      </input_file>
      <input_file id="fl-12">
         <path>C:\ti\ccs1210\ccs\tools\compiler\c5500_4.4.1\lib\</path>
         <kind>archive</kind>
         <file>rts55x.lib</file>
         <name>fltuld.obj</name>
      </input_file>
      <input_file id="fl-13">
         <path>C:\ti\ccs1210\ccs\tools\compiler\c5500_4.4.1\lib\</path>
         <kind>archive</kind>
         <file>rts55x.lib</file>
         <name>fopen.obj</name>
      </input_file>
      <input_file id="fl-14">
         <path>C:\ti\ccs1210\ccs\tools\compiler\c5500_4.4.1\lib\</path>
         <kind>archive</kind>
         <file>rts55x.lib</file>
         <name>frcmpyd_div.obj</name>
      </input_file>
      <input_file id="fl-15">
         <path>C:\ti\ccs1210\ccs\tools\compiler\c5500_4.4.1\lib\</path>
         <kind>archive</kind>
         <file>rts55x.lib</file>
         <name>fread.obj</name>
      </input_file>
      <input_file id="fl-16">
         <path>C:\ti\ccs1210\ccs\tools\compiler\c5500_4.4.1\lib\</path>
         <kind>archive</kind>
         <file>rts55x.lib</file>
         <name>fwrite.obj</name>
      </input_file>
      <input_file id="fl-17">
         <path>C:\ti\ccs1210\ccs\tools\compiler\c5500_4.4.1\lib\</path>
         <kind>archive</kind>
         <file>rts55x.lib</file>
         <name>lmpy.obj</name>
      </input_file>
      <input_file id="fl-18">
         <path>C:\ti\ccs1210\ccs\tools\compiler\c5500_4.4.1\lib\</path>
         <kind>archive</kind>
         <file>rts55x.lib</file>
         <name>lowlev.obj</name>
      </input_file>
      <input_file id="fl-19">
         <path>C:\ti\ccs1210\ccs\tools\compiler\c5500_4.4.1\lib\</path>
         <kind>archive</kind>
         <file>rts55x.lib</file>
         <name>memcpy.obj</name>
      </input_file>
      <input_file id="fl-1a">
         <path>C:\ti\ccs1210\ccs\tools\compiler\c5500_4.4.1\lib\</path>
         <kind>archive</kind>
         <file>rts55x.lib</file>
         <name>memory.obj</name>
      </input_file>
      <input_file id="fl-1b">
         <path>C:\ti\ccs1210\ccs\tools\compiler\c5500_4.4.1\lib\</path>
         <kind>archive</kind>
         <file>rts55x.lib</file>
         <name>modf.obj</name>
      </input_file>
      <input_file id="fl-1c">
         <path>C:\ti\ccs1210\ccs\tools\compiler\c5500_4.4.1\lib\</path>
         <kind>archive</kind>
         <file>rts55x.lib</file>
         <name>mpyd.obj</name>
      </input_file>
      <input_file id="fl-1d">
         <path>C:\ti\ccs1210\ccs\tools\compiler\c5500_4.4.1\lib\</path>
         <kind>archive</kind>
         <file>rts55x.lib</file>
         <name>negd.obj</name>
      </input_file>
      <input_file id="fl-1e">
         <path>C:\ti\ccs1210\ccs\tools\compiler\c5500_4.4.1\lib\</path>
         <kind>archive</kind>
         <file>rts55x.lib</file>
         <name>printf.obj</name>
      </input_file>
      <input_file id="fl-1f">
         <path>C:\ti\ccs1210\ccs\tools\compiler\c5500_4.4.1\lib\</path>
         <kind>archive</kind>
         <file>rts55x.lib</file>
         <name>remove.obj</name>
      </input_file>
      <input_file id="fl-20">
         <path>C:\ti\ccs1210\ccs\tools\compiler\c5500_4.4.1\lib\</path>
         <kind>archive</kind>
         <file>rts55x.lib</file>
         <name>rewind.obj</name>
      </input_file>
      <input_file id="fl-21">
         <path>C:\ti\ccs1210\ccs\tools\compiler\c5500_4.4.1\lib\</path>
         <kind>archive</kind>
         <file>rts55x.lib</file>
         <name>round.obj</name>
      </input_file>
      <input_file id="fl-22">
         <path>C:\ti\ccs1210\ccs\tools\compiler\c5500_4.4.1\lib\</path>
         <kind>archive</kind>
         <file>rts55x.lib</file>
         <name>sin.obj</name>
      </input_file>
      <input_file id="fl-23">
         <path>C:\ti\ccs1210\ccs\tools\compiler\c5500_4.4.1\lib\</path>
         <kind>archive</kind>
         <file>rts55x.lib</file>
         <name>subd.obj</name>
      </input_file>
      <input_file id="fl-24">
         <path>C:\ti\ccs1210\ccs\tools\compiler\c5500_4.4.1\lib\</path>
         <kind>archive</kind>
         <file>rts55x.lib</file>
         <name>trgdrv.obj</name>
      </input_file>
      <input_file id="fl-25">
         <path>C:\ti\ccs1210\ccs\tools\compiler\c5500_4.4.1\lib\</path>
         <kind>archive</kind>
         <file>rts55x.lib</file>
         <name>trgmsg.obj</name>
      </input_file>
      <input_file id="fl-26">
         <path>C:\ti\ccs1210\ccs\tools\compiler\c5500_4.4.1\lib\</path>
         <kind>archive</kind>
         <file>rts55x.lib</file>
         <name>trunc.obj</name>
      </input_file>
      <input_file id="fl-27">
         <path>C:\ti\ccs1210\ccs\tools\compiler\c5500_4.4.1\lib\</path>
         <kind>archive</kind>
         <file>rts55x.lib</file>
         <name>udiv.obj</name>
      </input_file>
      <input_file id="fl-28">
         <path>C:\ti\ccs1210\ccs\tools\compiler\c5500_4.4.1\lib\</path>
         <kind>archive</kind>
         <file>rts55x.lib</file>
         <name>vectors.obj</name>
      </input_file>
      <input_file id="fl-29">
         <path>C:\ti\ccs1210\ccs\tools\compiler\c5500_4.4.1\lib\</path>
         <kind>archive</kind>
         <file>rts55x.lib</file>
         <name>_bufread.obj</name>
      </input_file>
      <input_file id="fl-2a">
         <path>C:\ti\ccs1210\ccs\tools\compiler\c5500_4.4.1\lib\</path>
         <kind>archive</kind>
         <file>rts55x.lib</file>
         <name>_io_perm.obj</name>
      </input_file>
      <input_file id="fl-2b">
         <path>C:\ti\ccs1210\ccs\tools\compiler\c5500_4.4.1\lib\</path>
         <kind>archive</kind>
         <file>rts55x.lib</file>
         <name>_lock.obj</name>
      </input_file>
      <input_file id="fl-2c">
         <path>C:\ti\ccs1210\ccs\tools\compiler\c5500_4.4.1\lib\</path>
         <kind>archive</kind>
         <file>rts55x.lib</file>
         <name>_printfi.obj</name>
      </input_file>
      <input_file id="fl-2d">
         <path>C:\ti\ccs1210\ccs\tools\compiler\c5500_4.4.1\lib\</path>
         <kind>archive</kind>
         <file>rts55x.lib</file>
         <name>args_main.obj</name>
      </input_file>
      <input_file id="fl-2e">
         <path>C:\ti\ccs1210\ccs\tools\compiler\c5500_4.4.1\lib\</path>
         <kind>archive</kind>
         <file>rts55x.lib</file>
         <name>atoi.obj</name>
      </input_file>
      <input_file id="fl-2f">
         <path>C:\ti\ccs1210\ccs\tools\compiler\c5500_4.4.1\lib\</path>
         <kind>archive</kind>
         <file>rts55x.lib</file>
         <name>autoinit.obj</name>
      </input_file>
      <input_file id="fl-30">
         <path>C:\ti\ccs1210\ccs\tools\compiler\c5500_4.4.1\lib\</path>
         <kind>archive</kind>
         <file>rts55x.lib</file>
         <name>cmpd.obj</name>
      </input_file>
      <input_file id="fl-31">
         <path>C:\ti\ccs1210\ccs\tools\compiler\c5500_4.4.1\lib\</path>
         <kind>archive</kind>
         <file>rts55x.lib</file>
         <name>ctype.obj</name>
      </input_file>
      <input_file id="fl-32">
         <path>C:\ti\ccs1210\ccs\tools\compiler\c5500_4.4.1\lib\</path>
         <kind>archive</kind>
         <file>rts55x.lib</file>
         <name>defs.obj</name>
      </input_file>
      <input_file id="fl-33">
         <path>C:\ti\ccs1210\ccs\tools\compiler\c5500_4.4.1\lib\</path>
         <kind>archive</kind>
         <file>rts55x.lib</file>
         <name>divul.obj</name>
      </input_file>
      <input_file id="fl-34">
         <path>C:\ti\ccs1210\ccs\tools\compiler\c5500_4.4.1\lib\</path>
         <kind>archive</kind>
         <file>rts55x.lib</file>
         <name>fputc.obj</name>
      </input_file>
      <input_file id="fl-35">
         <path>C:\ti\ccs1210\ccs\tools\compiler\c5500_4.4.1\lib\</path>
         <kind>archive</kind>
         <file>rts55x.lib</file>
         <name>fputs.obj</name>
      </input_file>
      <input_file id="fl-36">
         <path>C:\ti\ccs1210\ccs\tools\compiler\c5500_4.4.1\lib\</path>
         <kind>archive</kind>
         <file>rts55x.lib</file>
         <name>frcmpyd.obj</name>
      </input_file>
      <input_file id="fl-37">
         <path>C:\ti\ccs1210\ccs\tools\compiler\c5500_4.4.1\lib\</path>
         <kind>archive</kind>
         <file>rts55x.lib</file>
         <name>fseek.obj</name>
      </input_file>
      <input_file id="fl-38">
         <path>C:\ti\ccs1210\ccs\tools\compiler\c5500_4.4.1\lib\</path>
         <kind>archive</kind>
         <file>rts55x.lib</file>
         <name>isinf.obj</name>
      </input_file>
      <input_file id="fl-39">
         <path>C:\ti\ccs1210\ccs\tools\compiler\c5500_4.4.1\lib\</path>
         <kind>archive</kind>
         <file>rts55x.lib</file>
         <name>llmpy.obj</name>
      </input_file>
      <input_file id="fl-3a">
         <path>C:\ti\ccs1210\ccs\tools\compiler\c5500_4.4.1\lib\</path>
         <kind>archive</kind>
         <file>rts55x.lib</file>
         <name>ltoa.obj</name>
      </input_file>
      <input_file id="fl-3b">
         <path>C:\ti\ccs1210\ccs\tools\compiler\c5500_4.4.1\lib\</path>
         <kind>archive</kind>
         <file>rts55x.lib</file>
         <name>memccpy.obj</name>
      </input_file>
      <input_file id="fl-3c">
         <path>C:\ti\ccs1210\ccs\tools\compiler\c5500_4.4.1\lib\</path>
         <kind>archive</kind>
         <file>rts55x.lib</file>
         <name>remli.obj</name>
      </input_file>
      <input_file id="fl-3d">
         <path>C:\ti\ccs1210\ccs\tools\compiler\c5500_4.4.1\lib\</path>
         <kind>archive</kind>
         <file>rts55x.lib</file>
         <name>remul.obj</name>
      </input_file>
      <input_file id="fl-3e">
         <path>C:\ti\ccs1210\ccs\tools\compiler\c5500_4.4.1\lib\</path>
         <kind>archive</kind>
         <file>rts55x.lib</file>
         <name>setvbuf.obj</name>
      </input_file>
      <input_file id="fl-3f">
         <path>C:\ti\ccs1210\ccs\tools\compiler\c5500_4.4.1\lib\</path>
         <kind>archive</kind>
         <file>rts55x.lib</file>
         <name>divli.obj</name>
      </input_file>
   </input_file_list>
   <object_component_list>
      <object_component id="oc-ce">
         <name>.text</name>
         <load_address>0x300</load_address>
         <run_address>0x300</run_address>
         <size>0x15a4</size>
         <input_file_ref idref="fl-2c"/>
      </object_component>
      <object_component id="oc-6e">
         <name>.text</name>
         <load_address>0x18a4</load_address>
         <run_address>0x18a4</run_address>
         <size>0x543</size>
         <input_file_ref idref="fl-18"/>
      </object_component>
      <object_component id="oc-a8">
         <name>.text</name>
         <load_address>0x1de7</load_address>
         <run_address>0x1de7</run_address>
         <size>0x528</size>
         <input_file_ref idref="fl-24"/>
      </object_component>
      <object_component id="oc-78">
         <name>.text</name>
         <load_address>0x230f</load_address>
         <run_address>0x230f</run_address>
         <size>0x4b5</size>
         <input_file_ref idref="fl-1a"/>
      </object_component>
      <object_component id="oc-2a">
         <name>.text</name>
         <load_address>0x27c4</load_address>
         <run_address>0x27c4</run_address>
         <size>0x3cc</size>
         <input_file_ref idref="fl-9"/>
      </object_component>
      <object_component id="oc-14">
         <name>.text</name>
         <load_address>0x2b90</load_address>
         <run_address>0x2b90</run_address>
         <size>0x38b</size>
         <input_file_ref idref="fl-2"/>
      </object_component>
      <object_component id="oc-58">
         <name>.text</name>
         <load_address>0x2f1b</load_address>
         <run_address>0x2f1b</run_address>
         <size>0x27f</size>
         <input_file_ref idref="fl-13"/>
      </object_component>
      <object_component id="oc-103">
         <name>.text</name>
         <load_address>0x319a</load_address>
         <run_address>0x319a</run_address>
         <size>0x25e</size>
         <input_file_ref idref="fl-39"/>
      </object_component>
      <object_component id="oc-22">
         <name>.text</name>
         <load_address>0x33f8</load_address>
         <run_address>0x33f8</run_address>
         <size>0x25a</size>
         <input_file_ref idref="fl-7"/>
      </object_component>
      <object_component id="oc-1b">
         <name>.text</name>
         <load_address>0x3652</load_address>
         <run_address>0x3652</run_address>
         <size>0x21e</size>
         <input_file_ref idref="fl-3"/>
      </object_component>
      <object_component id="oc-9d">
         <name>.text</name>
         <load_address>0x3870</load_address>
         <run_address>0x3870</run_address>
         <size>0x1f2</size>
         <input_file_ref idref="fl-22"/>
      </object_component>
      <object_component id="oc-66">
         <name>.text</name>
         <load_address>0x3a62</load_address>
         <run_address>0x3a62</run_address>
         <size>0x1ee</size>
         <input_file_ref idref="fl-16"/>
      </object_component>
      <object_component id="oc-e0">
         <name>.text</name>
         <load_address>0x3c50</load_address>
         <run_address>0x3c50</run_address>
         <size>0x1ea</size>
         <input_file_ref idref="fl-30"/>
      </object_component>
      <object_component id="oc-f2">
         <name>.text</name>
         <load_address>0x3e3a</load_address>
         <run_address>0x3e3a</run_address>
         <size>0x163</size>
         <input_file_ref idref="fl-35"/>
      </object_component>
      <object_component id="oc-84">
         <name>.text</name>
         <load_address>0x3f9d</load_address>
         <run_address>0x3f9d</run_address>
         <size>0x14c</size>
         <input_file_ref idref="fl-1c"/>
      </object_component>
      <object_component id="oc-62">
         <name>.text</name>
         <load_address>0x40e9</load_address>
         <run_address>0x40e9</run_address>
         <size>0x10f</size>
         <input_file_ref idref="fl-15"/>
      </object_component>
      <object_component id="oc-117">
         <name>.text</name>
         <load_address>0x41f8</load_address>
         <run_address>0x41f8</run_address>
         <size>0xe6</size>
         <input_file_ref idref="fl-3e"/>
      </object_component>
      <object_component id="oc-c4">
         <name>.text</name>
         <load_address>0x42de</load_address>
         <run_address>0x42de</run_address>
         <size>0xdd</size>
         <input_file_ref idref="fl-2a"/>
      </object_component>
      <object_component id="oc-39">
         <name>.text</name>
         <load_address>0x43bb</load_address>
         <run_address>0x43bb</run_address>
         <size>0xc2</size>
         <input_file_ref idref="fl-c"/>
      </object_component>
      <object_component id="oc-7f">
         <name>.text</name>
         <load_address>0x447d</load_address>
         <run_address>0x447d</run_address>
         <size>0xbf</size>
         <input_file_ref idref="fl-1b"/>
      </object_component>
      <object_component id="oc-b0">
         <name>.text:CIO_breakpoint</name>
         <load_address>0x453c</load_address>
         <run_address>0x453c</run_address>
         <size>0xba</size>
         <input_file_ref idref="fl-25"/>
      </object_component>
      <object_component id="oc-c0">
         <name>.text</name>
         <load_address>0x45f6</load_address>
         <run_address>0x45f6</run_address>
         <size>0xae</size>
         <input_file_ref idref="fl-29"/>
      </object_component>
      <object_component id="oc-ee">
         <name>.text</name>
         <load_address>0x46a4</load_address>
         <run_address>0x46a4</run_address>
         <size>0xa6</size>
         <input_file_ref idref="fl-34"/>
      </object_component>
      <object_component id="oc-45">
         <name>.text</name>
         <load_address>0x474a</load_address>
         <run_address>0x474a</run_address>
         <size>0xa2</size>
         <input_file_ref idref="fl-f"/>
      </object_component>
      <object_component id="oc-ea">
         <name>.text</name>
         <load_address>0x47ec</load_address>
         <run_address>0x47ec</run_address>
         <size>0xa1</size>
         <input_file_ref idref="fl-33"/>
      </object_component>
      <object_component id="oc-107">
         <name>.text</name>
         <load_address>0x488d</load_address>
         <run_address>0x488d</run_address>
         <size>0x7d</size>
         <input_file_ref idref="fl-3a"/>
      </object_component>
      <object_component id="oc-35">
         <name>.text</name>
         <load_address>0x490a</load_address>
         <run_address>0x490a</run_address>
         <size>0x7b</size>
         <input_file_ref idref="fl-b"/>
      </object_component>
      <object_component id="oc-f7">
         <name>.text</name>
         <load_address>0x4985</load_address>
         <run_address>0x4985</run_address>
         <size>0x76</size>
         <input_file_ref idref="fl-36"/>
      </object_component>
      <object_component id="oc-5e">
         <name>.text</name>
         <load_address>0x49fb</load_address>
         <run_address>0x49fb</run_address>
         <size>0x73</size>
         <input_file_ref idref="fl-14"/>
      </object_component>
      <object_component id="oc-113">
         <name>.text</name>
         <load_address>0x4a6e</load_address>
         <run_address>0x4a6e</run_address>
         <size>0x72</size>
         <input_file_ref idref="fl-3d"/>
      </object_component>
      <object_component id="oc-41">
         <name>.text</name>
         <load_address>0x4ae0</load_address>
         <run_address>0x4ae0</run_address>
         <size>0x6f</size>
         <input_file_ref idref="fl-e"/>
      </object_component>
      <object_component id="oc-ad">
         <name>.text</name>
         <load_address>0x4b4f</load_address>
         <run_address>0x4b4f</run_address>
         <size>0x6d</size>
         <input_file_ref idref="fl-25"/>
      </object_component>
      <object_component id="oc-fb">
         <name>.text</name>
         <load_address>0x4bbc</load_address>
         <run_address>0x4bbc</run_address>
         <size>0x6b</size>
         <input_file_ref idref="fl-37"/>
      </object_component>
      <object_component id="oc-4e">
         <name>.text</name>
         <load_address>0x4c27</load_address>
         <run_address>0x4c27</run_address>
         <size>0x67</size>
         <input_file_ref idref="fl-11"/>
      </object_component>
      <object_component id="oc-98">
         <name>.text</name>
         <load_address>0x4c8e</load_address>
         <run_address>0x4c8e</run_address>
         <size>0x5f</size>
         <input_file_ref idref="fl-21"/>
      </object_component>
      <object_component id="oc-d8">
         <name>.text</name>
         <load_address>0x4ced</load_address>
         <run_address>0x4ced</run_address>
         <size>0x5c</size>
         <input_file_ref idref="fl-2e"/>
      </object_component>
      <object_component id="oc-53">
         <name>.text</name>
         <load_address>0x4d49</load_address>
         <run_address>0x4d49</run_address>
         <size>0x5b</size>
         <input_file_ref idref="fl-12"/>
      </object_component>
      <object_component id="oc-8c">
         <name>.text</name>
         <load_address>0x4da4</load_address>
         <run_address>0x4da4</run_address>
         <size>0x50</size>
         <input_file_ref idref="fl-1e"/>
      </object_component>
      <object_component id="oc-dc">
         <name>.text</name>
         <load_address>0x4df4</load_address>
         <run_address>0x4df4</run_address>
         <size>0x4d</size>
         <input_file_ref idref="fl-2f"/>
      </object_component>
      <object_component id="oc-d4">
         <name>.text</name>
         <load_address>0x4e41</load_address>
         <run_address>0x4e41</run_address>
         <size>0x4b</size>
         <input_file_ref idref="fl-2d"/>
      </object_component>
      <object_component id="oc-10f">
         <name>.text</name>
         <load_address>0x4e8c</load_address>
         <run_address>0x4e8c</run_address>
         <size>0x4b</size>
         <input_file_ref idref="fl-3c"/>
      </object_component>
      <object_component id="oc-11b">
         <name>.text</name>
         <load_address>0x4ed7</load_address>
         <run_address>0x4ed7</run_address>
         <size>0x48</size>
         <input_file_ref idref="fl-3f"/>
      </object_component>
      <object_component id="oc-b3">
         <name>.text</name>
         <load_address>0x4f1f</load_address>
         <run_address>0x4f1f</run_address>
         <size>0x41</size>
         <input_file_ref idref="fl-26"/>
      </object_component>
      <object_component id="oc-74">
         <name>.text</name>
         <load_address>0x4f60</load_address>
         <run_address>0x4f60</run_address>
         <size>0x3f</size>
         <input_file_ref idref="fl-19"/>
      </object_component>
      <object_component id="oc-2e">
         <name>.text</name>
         <load_address>0x4f9f</load_address>
         <run_address>0x4f9f</run_address>
         <size>0x3e</size>
         <input_file_ref idref="fl-a"/>
      </object_component>
      <object_component id="oc-12">
         <name>.text</name>
         <load_address>0x4fdd</load_address>
         <run_address>0x4fdd</run_address>
         <size>0x34</size>
         <input_file_ref idref="fl-8"/>
      </object_component>
      <object_component id="oc-3d">
         <name>.text</name>
         <load_address>0x5011</load_address>
         <run_address>0x5011</run_address>
         <size>0x2a</size>
         <input_file_ref idref="fl-d"/>
      </object_component>
      <object_component id="oc-b8">
         <name>.text</name>
         <load_address>0x503b</load_address>
         <run_address>0x503b</run_address>
         <size>0x2a</size>
         <input_file_ref idref="fl-27"/>
      </object_component>
      <object_component id="oc-10b">
         <name>.text</name>
         <load_address>0x5065</load_address>
         <run_address>0x5065</run_address>
         <size>0x23</size>
         <input_file_ref idref="fl-3b"/>
      </object_component>
      <object_component id="oc-ff">
         <name>.text</name>
         <load_address>0x5088</load_address>
         <run_address>0x5088</run_address>
         <size>0x1a</size>
         <input_file_ref idref="fl-38"/>
      </object_component>
      <object_component id="oc-a4">
         <name>.text</name>
         <load_address>0x50a2</load_address>
         <run_address>0x50a2</run_address>
         <size>0x14</size>
         <input_file_ref idref="fl-23"/>
      </object_component>
      <object_component id="oc-6a">
         <name>.text</name>
         <load_address>0x50b6</load_address>
         <run_address>0x50b6</run_address>
         <size>0x13</size>
         <input_file_ref idref="fl-17"/>
      </object_component>
      <object_component id="oc-c8">
         <name>.text</name>
         <load_address>0x50c9</load_address>
         <run_address>0x50c9</run_address>
         <size>0x12</size>
         <input_file_ref idref="fl-2b"/>
      </object_component>
      <object_component id="oc-88">
         <name>.text</name>
         <load_address>0x50db</load_address>
         <run_address>0x50db</run_address>
         <size>0x10</size>
         <input_file_ref idref="fl-1d"/>
      </object_component>
      <object_component id="oc-94">
         <name>.text</name>
         <load_address>0x50eb</load_address>
         <run_address>0x50eb</run_address>
         <size>0xe</size>
         <input_file_ref idref="fl-20"/>
      </object_component>
      <object_component id="oc-4a">
         <name>.text</name>
         <load_address>0x50f9</load_address>
         <run_address>0x50f9</run_address>
         <size>0xc</size>
         <input_file_ref idref="fl-10"/>
      </object_component>
      <object_component id="oc-90">
         <name>.text</name>
         <load_address>0x5105</load_address>
         <run_address>0x5105</run_address>
         <size>0xa</size>
         <input_file_ref idref="fl-1f"/>
      </object_component>
      <object_component id="oc-32">
         <name>.text:CIO_breakpoint</name>
         <load_address>0x510f</load_address>
         <run_address>0x510f</run_address>
         <size>0x7</size>
         <input_file_ref idref="fl-a"/>
      </object_component>
      <object_component id="oc-bc">
         <name>.text</name>
         <load_address>0x5116</load_address>
         <run_address>0x5116</run_address>
         <size>0x2</size>
         <input_file_ref idref="fl-28"/>
      </object_component>
      <object_component id="oc-26">
         <name>.stack</name>
         <load_address>0x5120</load_address>
         <run_address>0x5120</run_address>
         <size>0x0</size>
         <input_file_ref idref="fl-8"/>
      </object_component>
      <object_component id="oc-13a">
         <name>.stack</name>
         <load_address>0x5120</load_address>
         <run_address>0x5120</run_address>
         <size>0x0</size>
      </object_component>
      <object_component id="oc-11f">
         <name>.sysstack</name>
         <load_address>0xa880</load_address>
         <run_address>0xa880</run_address>
         <size>0x0</size>
         <input_file_ref idref="fl-8"/>
      </object_component>
      <object_component id="oc-13c">
         <name>.sysstack</name>
         <load_address>0xa880</load_address>
         <run_address>0xa880</run_address>
         <size>0x0</size>
      </object_component>
      <object_component id="oc-15">
         <name>.bss</name>
         <load_address>0x9120</load_address>
         <run_address>0x9120</run_address>
         <size>0x126c</size>
         <input_file_ref idref="fl-2"/>
      </object_component>
      <object_component id="oc-e6">
         <name>.bss</name>
         <load_address>0xa38c</load_address>
         <run_address>0xa38c</run_address>
         <size>0x232</size>
         <input_file_ref idref="fl-32"/>
      </object_component>
      <object_component id="oc-a9">
         <name>.bss</name>
         <load_address>0xa5be</load_address>
         <run_address>0xa5be</run_address>
         <size>0x1a0</size>
         <input_file_ref idref="fl-24"/>
      </object_component>
      <object_component id="oc-59">
         <name>.bss</name>
         <load_address>0xa75e</load_address>
         <run_address>0xa75e</run_address>
         <size>0x2</size>
         <input_file_ref idref="fl-13"/>
      </object_component>
      <object_component id="oc-6f">
         <name>.bss</name>
         <load_address>0xa760</load_address>
         <run_address>0xa760</run_address>
         <size>0xe2</size>
         <input_file_ref idref="fl-18"/>
      </object_component>
      <object_component id="oc-9e">
         <name>.bss</name>
         <load_address>0xa844</load_address>
         <run_address>0xa844</run_address>
         <size>0x10</size>
         <input_file_ref idref="fl-22"/>
      </object_component>
      <object_component id="oc-79">
         <name>.bss</name>
         <load_address>0xa854</load_address>
         <run_address>0xa854</run_address>
         <size>0xc</size>
         <input_file_ref idref="fl-1a"/>
      </object_component>
      <object_component id="oc-c9">
         <name>.bss</name>
         <load_address>0xa860</load_address>
         <run_address>0xa860</run_address>
         <size>0x8</size>
         <input_file_ref idref="fl-2b"/>
      </object_component>
      <object_component id="oc-2f">
         <name>.bss</name>
         <load_address>0xa868</load_address>
         <run_address>0xa868</run_address>
         <size>0x8</size>
         <input_file_ref idref="fl-a"/>
      </object_component>
      <object_component id="oc-121">
         <name>.const:__ctypes_</name>
         <load_address>0xb880</load_address>
         <run_address>0xb880</run_address>
         <size>0x202</size>
         <input_file_ref idref="fl-31"/>
      </object_component>
      <object_component id="oc-17">
         <name>.const:.string</name>
         <load_address>0xba84</load_address>
         <run_address>0xba84</run_address>
         <size>0x140</size>
         <input_file_ref idref="fl-2"/>
      </object_component>
      <object_component id="oc-1e">
         <name>.const:.string</name>
         <load_address>0xbbc4</load_address>
         <run_address>0xbbc4</run_address>
         <size>0x54</size>
         <input_file_ref idref="fl-3"/>
      </object_component>
      <object_component id="oc-d1">
         <name>.const:.string</name>
         <load_address>0xbc18</load_address>
         <run_address>0xbc18</run_address>
         <size>0x48</size>
         <input_file_ref idref="fl-2c"/>
      </object_component>
      <object_component id="oc-a1">
         <name>.const</name>
         <load_address>0xbc60</load_address>
         <run_address>0xbc60</run_address>
         <size>0x28</size>
         <input_file_ref idref="fl-22"/>
      </object_component>
      <object_component id="oc-1d">
         <name>.const</name>
         <load_address>0xbc88</load_address>
         <run_address>0xbc88</run_address>
         <size>0x24</size>
         <input_file_ref idref="fl-3"/>
      </object_component>
      <object_component id="oc-d0">
         <name>.const</name>
         <load_address>0xbcac</load_address>
         <run_address>0xbcac</run_address>
         <size>0x18</size>
         <input_file_ref idref="fl-2c"/>
      </object_component>
      <object_component id="oc-120">
         <name>.const:_initial_approx$1</name>
         <load_address>0xbcc4</load_address>
         <run_address>0xbcc4</run_address>
         <size>0x10</size>
         <input_file_ref idref="fl-9"/>
      </object_component>
      <object_component id="oc-47">
         <name>.const</name>
         <load_address>0xbcd4</load_address>
         <run_address>0xbcd4</run_address>
         <size>0x10</size>
         <input_file_ref idref="fl-f"/>
      </object_component>
      <object_component id="oc-9a">
         <name>.const</name>
         <load_address>0xbce4</load_address>
         <run_address>0xbce4</run_address>
         <size>0x10</size>
         <input_file_ref idref="fl-21"/>
      </object_component>
      <object_component id="oc-81">
         <name>.const</name>
         <load_address>0xbcf4</load_address>
         <run_address>0xbcf4</run_address>
         <size>0xc</size>
         <input_file_ref idref="fl-1b"/>
      </object_component>
      <object_component id="oc-b5">
         <name>.const</name>
         <load_address>0xbd00</load_address>
         <run_address>0xbd00</run_address>
         <size>0x8</size>
         <input_file_ref idref="fl-26"/>
      </object_component>
      <object_component id="oc-f4">
         <name>.const:.string</name>
         <load_address>0xbd08</load_address>
         <run_address>0xbd08</run_address>
         <size>0x4</size>
         <input_file_ref idref="fl-35"/>
      </object_component>
      <object_component id="oc-50">
         <name>.const</name>
         <load_address>0xbd0c</load_address>
         <run_address>0xbd0c</run_address>
         <size>0x4</size>
         <input_file_ref idref="fl-11"/>
      </object_component>
      <object_component id="oc-55">
         <name>.const</name>
         <load_address>0xbd10</load_address>
         <run_address>0xbd10</run_address>
         <size>0x4</size>
         <input_file_ref idref="fl-12"/>
      </object_component>
      <object_component id="oc-7c">
         <name>.sysmem</name>
         <uninitialized>true</uninitialized>
         <run_address>0x7120</run_address>
         <size>0x0</size>
         <input_file_ref idref="fl-1a"/>
      </object_component>
      <object_component id="oc-13b">
         <name>.sysmem</name>
         <uninitialized>true</uninitialized>
         <run_address>0x7120</run_address>
         <size>0x0</size>
      </object_component>
      <object_component id="oc-71">
         <name>.cinit</name>
         <load_address>0xbf60</load_address>
         <run_address>0xbf60</run_address>
         <size>0x5a</size>
         <input_file_ref idref="fl-18"/>
      </object_component>
      <object_component id="oc-e8">
         <name>.cinit</name>
         <load_address>0xbfba</load_address>
         <run_address>0xbfba</run_address>
         <size>0x54</size>
         <input_file_ref idref="fl-32"/>
      </object_component>
      <object_component id="oc-a0">
         <name>.cinit</name>
         <load_address>0xc00e</load_address>
         <run_address>0xc00e</run_address>
         <size>0x16</size>
         <input_file_ref idref="fl-22"/>
      </object_component>
      <object_component id="oc-cb">
         <name>.cinit</name>
         <load_address>0xc024</load_address>
         <run_address>0xc024</run_address>
         <size>0x14</size>
         <input_file_ref idref="fl-2b"/>
      </object_component>
      <object_component id="oc-31">
         <name>.cinit</name>
         <load_address>0xc038</load_address>
         <run_address>0xc038</run_address>
         <size>0x14</size>
         <input_file_ref idref="fl-a"/>
      </object_component>
      <object_component id="oc-5b">
         <name>.cinit</name>
         <load_address>0xc04c</load_address>
         <run_address>0xc04c</run_address>
         <size>0x8</size>
         <input_file_ref idref="fl-13"/>
      </object_component>
      <object_component id="oc-7b">
         <name>.cinit</name>
         <load_address>0xc054</load_address>
         <run_address>0xc054</run_address>
         <size>0x8</size>
         <input_file_ref idref="fl-1a"/>
      </object_component>
      <object_component id="oc-af">
         <name>.cio</name>
         <load_address>0xbd20</load_address>
         <run_address>0xbd20</run_address>
         <size>0x240</size>
         <input_file_ref idref="fl-25"/>
      </object_component>
      <object_component id="oc-13">
         <name>vectors</name>
         <load_address>0xfe00</load_address>
         <run_address>0xfe00</run_address>
         <size>0x100</size>
         <input_file_ref idref="fl-28"/>
      </object_component>
      <object_component id="oc-16">
         <name>.debug_info</name>
         <load_address>0x0</load_address>
         <run_address>0x0</run_address>
         <size>0xbf2</size>
         <input_file_ref idref="fl-2"/>
      </object_component>
      <object_component id="oc-1c">
         <name>.debug_info</name>
         <load_address>0xbf2</load_address>
         <run_address>0xbf2</run_address>
         <size>0xa1d</size>
         <input_file_ref idref="fl-3"/>
      </object_component>
      <object_component id="oc-23">
         <name>.debug_info</name>
         <load_address>0x160f</load_address>
         <run_address>0x160f</run_address>
         <size>0x5ab</size>
         <input_file_ref idref="fl-7"/>
      </object_component>
      <object_component id="oc-27">
         <name>.debug_info</name>
         <load_address>0x1bba</load_address>
         <run_address>0x1bba</run_address>
         <size>0xe8</size>
         <input_file_ref idref="fl-8"/>
      </object_component>
      <object_component id="oc-2b">
         <name>.debug_info</name>
         <load_address>0x1ca2</load_address>
         <run_address>0x1ca2</run_address>
         <size>0x7e8</size>
         <input_file_ref idref="fl-9"/>
      </object_component>
      <object_component id="oc-30">
         <name>.debug_info</name>
         <load_address>0x248a</load_address>
         <run_address>0x248a</run_address>
         <size>0x5fb</size>
         <input_file_ref idref="fl-a"/>
      </object_component>
      <object_component id="oc-36">
         <name>.debug_info</name>
         <load_address>0x2a85</load_address>
         <run_address>0x2a85</run_address>
         <size>0x64f</size>
         <input_file_ref idref="fl-b"/>
      </object_component>
      <object_component id="oc-3a">
         <name>.debug_info</name>
         <load_address>0x30d4</load_address>
         <run_address>0x30d4</run_address>
         <size>0x706</size>
         <input_file_ref idref="fl-c"/>
      </object_component>
      <object_component id="oc-3e">
         <name>.debug_info</name>
         <load_address>0x37da</load_address>
         <run_address>0x37da</run_address>
         <size>0x4cf</size>
         <input_file_ref idref="fl-d"/>
      </object_component>
      <object_component id="oc-42">
         <name>.debug_info</name>
         <load_address>0x3ca9</load_address>
         <run_address>0x3ca9</run_address>
         <size>0x534</size>
         <input_file_ref idref="fl-e"/>
      </object_component>
      <object_component id="oc-46">
         <name>.debug_info</name>
         <load_address>0x41dd</load_address>
         <run_address>0x41dd</run_address>
         <size>0x597</size>
         <input_file_ref idref="fl-f"/>
      </object_component>
      <object_component id="oc-4b">
         <name>.debug_info</name>
         <load_address>0x4774</load_address>
         <run_address>0x4774</run_address>
         <size>0x4cf</size>
         <input_file_ref idref="fl-10"/>
      </object_component>
      <object_component id="oc-4f">
         <name>.debug_info</name>
         <load_address>0x4c43</load_address>
         <run_address>0x4c43</run_address>
         <size>0x549</size>
         <input_file_ref idref="fl-11"/>
      </object_component>
      <object_component id="oc-54">
         <name>.debug_info</name>
         <load_address>0x518c</load_address>
         <run_address>0x518c</run_address>
         <size>0x549</size>
         <input_file_ref idref="fl-12"/>
      </object_component>
      <object_component id="oc-5a">
         <name>.debug_info</name>
         <load_address>0x56d5</load_address>
         <run_address>0x56d5</run_address>
         <size>0xa1c</size>
         <input_file_ref idref="fl-13"/>
      </object_component>
      <object_component id="oc-5f">
         <name>.debug_info</name>
         <load_address>0x60f1</load_address>
         <run_address>0x60f1</run_address>
         <size>0x53e</size>
         <input_file_ref idref="fl-14"/>
      </object_component>
      <object_component id="oc-63">
         <name>.debug_info</name>
         <load_address>0x662f</load_address>
         <run_address>0x662f</run_address>
         <size>0x762</size>
         <input_file_ref idref="fl-15"/>
      </object_component>
      <object_component id="oc-67">
         <name>.debug_info</name>
         <load_address>0x6d91</load_address>
         <run_address>0x6d91</run_address>
         <size>0x8f7</size>
         <input_file_ref idref="fl-16"/>
      </object_component>
      <object_component id="oc-6b">
         <name>.debug_info</name>
         <load_address>0x7688</load_address>
         <run_address>0x7688</run_address>
         <size>0xbd</size>
         <input_file_ref idref="fl-17"/>
      </object_component>
      <object_component id="oc-70">
         <name>.debug_info</name>
         <load_address>0x7745</load_address>
         <run_address>0x7745</run_address>
         <size>0x144b</size>
         <input_file_ref idref="fl-18"/>
      </object_component>
      <object_component id="oc-75">
         <name>.debug_info</name>
         <load_address>0x8b90</load_address>
         <run_address>0x8b90</run_address>
         <size>0xd1</size>
         <input_file_ref idref="fl-19"/>
      </object_component>
      <object_component id="oc-7a">
         <name>.debug_info</name>
         <load_address>0x8c61</load_address>
         <run_address>0x8c61</run_address>
         <size>0xb97</size>
         <input_file_ref idref="fl-1a"/>
      </object_component>
      <object_component id="oc-80">
         <name>.debug_info</name>
         <load_address>0x97f8</load_address>
         <run_address>0x97f8</run_address>
         <size>0x50c</size>
         <input_file_ref idref="fl-1b"/>
      </object_component>
      <object_component id="oc-85">
         <name>.debug_info</name>
         <load_address>0x9d04</load_address>
         <run_address>0x9d04</run_address>
         <size>0x55b</size>
         <input_file_ref idref="fl-1c"/>
      </object_component>
      <object_component id="oc-89">
         <name>.debug_info</name>
         <load_address>0xa25f</load_address>
         <run_address>0xa25f</run_address>
         <size>0x4b7</size>
         <input_file_ref idref="fl-1d"/>
      </object_component>
      <object_component id="oc-8d">
         <name>.debug_info</name>
         <load_address>0xa716</load_address>
         <run_address>0xa716</run_address>
         <size>0x76c</size>
         <input_file_ref idref="fl-1e"/>
      </object_component>
      <object_component id="oc-91">
         <name>.debug_info</name>
         <load_address>0xae82</load_address>
         <run_address>0xae82</run_address>
         <size>0x510</size>
         <input_file_ref idref="fl-1f"/>
      </object_component>
      <object_component id="oc-95">
         <name>.debug_info</name>
         <load_address>0xb392</load_address>
         <run_address>0xb392</run_address>
         <size>0x58a</size>
         <input_file_ref idref="fl-20"/>
      </object_component>
      <object_component id="oc-99">
         <name>.debug_info</name>
         <load_address>0xb91c</load_address>
         <run_address>0xb91c</run_address>
         <size>0x52e</size>
         <input_file_ref idref="fl-21"/>
      </object_component>
      <object_component id="oc-9f">
         <name>.debug_info</name>
         <load_address>0xbe4a</load_address>
         <run_address>0xbe4a</run_address>
         <size>0x6ef</size>
         <input_file_ref idref="fl-22"/>
      </object_component>
      <object_component id="oc-a5">
         <name>.debug_info</name>
         <load_address>0xc539</load_address>
         <run_address>0xc539</run_address>
         <size>0x4de</size>
         <input_file_ref idref="fl-23"/>
      </object_component>
      <object_component id="oc-aa">
         <name>.debug_info</name>
         <load_address>0xca17</load_address>
         <run_address>0xca17</run_address>
         <size>0xed4</size>
         <input_file_ref idref="fl-24"/>
      </object_component>
      <object_component id="oc-ae">
         <name>.debug_info</name>
         <load_address>0xd8eb</load_address>
         <run_address>0xd8eb</run_address>
         <size>0x744</size>
         <input_file_ref idref="fl-25"/>
      </object_component>
      <object_component id="oc-b4">
         <name>.debug_info</name>
         <load_address>0xe02f</load_address>
         <run_address>0xe02f</run_address>
         <size>0x521</size>
         <input_file_ref idref="fl-26"/>
      </object_component>
      <object_component id="oc-b9">
         <name>.debug_info</name>
         <load_address>0xe550</load_address>
         <run_address>0xe550</run_address>
         <size>0xef</size>
         <input_file_ref idref="fl-27"/>
      </object_component>
      <object_component id="oc-bd">
         <name>.debug_info</name>
         <load_address>0xe63f</load_address>
         <run_address>0xe63f</run_address>
         <size>0xbc</size>
         <input_file_ref idref="fl-28"/>
      </object_component>
      <object_component id="oc-c1">
         <name>.debug_info</name>
         <load_address>0xe6fb</load_address>
         <run_address>0xe6fb</run_address>
         <size>0x6b8</size>
         <input_file_ref idref="fl-29"/>
      </object_component>
      <object_component id="oc-c5">
         <name>.debug_info</name>
         <load_address>0xedb3</load_address>
         <run_address>0xedb3</run_address>
         <size>0x662</size>
         <input_file_ref idref="fl-2a"/>
      </object_component>
      <object_component id="oc-ca">
         <name>.debug_info</name>
         <load_address>0xf415</load_address>
         <run_address>0xf415</run_address>
         <size>0x5bc</size>
         <input_file_ref idref="fl-2b"/>
      </object_component>
      <object_component id="oc-cf">
         <name>.debug_info</name>
         <load_address>0xf9d1</load_address>
         <run_address>0xf9d1</run_address>
         <size>0x27bd</size>
         <input_file_ref idref="fl-2c"/>
      </object_component>
      <object_component id="oc-d5">
         <name>.debug_info</name>
         <load_address>0x1218e</load_address>
         <run_address>0x1218e</run_address>
         <size>0x586</size>
         <input_file_ref idref="fl-2d"/>
      </object_component>
      <object_component id="oc-d9">
         <name>.debug_info</name>
         <load_address>0x12714</load_address>
         <run_address>0x12714</run_address>
         <size>0x5a4</size>
         <input_file_ref idref="fl-2e"/>
      </object_component>
      <object_component id="oc-dd">
         <name>.debug_info</name>
         <load_address>0x12cb8</load_address>
         <run_address>0x12cb8</run_address>
         <size>0xcd</size>
         <input_file_ref idref="fl-2f"/>
      </object_component>
      <object_component id="oc-e1">
         <name>.debug_info</name>
         <load_address>0x12d85</load_address>
         <run_address>0x12d85</run_address>
         <size>0x81f</size>
         <input_file_ref idref="fl-30"/>
      </object_component>
      <object_component id="oc-e4">
         <name>.debug_info</name>
         <load_address>0x135a4</load_address>
         <run_address>0x135a4</run_address>
         <size>0x498</size>
         <input_file_ref idref="fl-31"/>
      </object_component>
      <object_component id="oc-e7">
         <name>.debug_info</name>
         <load_address>0x13a3c</load_address>
         <run_address>0x13a3c</run_address>
         <size>0x57e</size>
         <input_file_ref idref="fl-32"/>
      </object_component>
      <object_component id="oc-eb">
         <name>.debug_info</name>
         <load_address>0x13fba</load_address>
         <run_address>0x13fba</run_address>
         <size>0x534</size>
         <input_file_ref idref="fl-33"/>
      </object_component>
      <object_component id="oc-ef">
         <name>.debug_info</name>
         <load_address>0x144ee</load_address>
         <run_address>0x144ee</run_address>
         <size>0x6aa</size>
         <input_file_ref idref="fl-34"/>
      </object_component>
      <object_component id="oc-f3">
         <name>.debug_info</name>
         <load_address>0x14b98</load_address>
         <run_address>0x14b98</run_address>
         <size>0x942</size>
         <input_file_ref idref="fl-35"/>
      </object_component>
      <object_component id="oc-f8">
         <name>.debug_info</name>
         <load_address>0x154da</load_address>
         <run_address>0x154da</run_address>
         <size>0x4d2</size>
         <input_file_ref idref="fl-36"/>
      </object_component>
      <object_component id="oc-fc">
         <name>.debug_info</name>
         <load_address>0x159ac</load_address>
         <run_address>0x159ac</run_address>
         <size>0x5f7</size>
         <input_file_ref idref="fl-37"/>
      </object_component>
      <object_component id="oc-100">
         <name>.debug_info</name>
         <load_address>0x15fa3</load_address>
         <run_address>0x15fa3</run_address>
         <size>0x680</size>
         <input_file_ref idref="fl-38"/>
      </object_component>
      <object_component id="oc-104">
         <name>.debug_info</name>
         <load_address>0x16623</load_address>
         <run_address>0x16623</run_address>
         <size>0x7d4</size>
         <input_file_ref idref="fl-39"/>
      </object_component>
      <object_component id="oc-108">
         <name>.debug_info</name>
         <load_address>0x16df7</load_address>
         <run_address>0x16df7</run_address>
         <size>0x5ad</size>
         <input_file_ref idref="fl-3a"/>
      </object_component>
      <object_component id="oc-10c">
         <name>.debug_info</name>
         <load_address>0x173a4</load_address>
         <run_address>0x173a4</run_address>
         <size>0x574</size>
         <input_file_ref idref="fl-3b"/>
      </object_component>
      <object_component id="oc-110">
         <name>.debug_info</name>
         <load_address>0x17918</load_address>
         <run_address>0x17918</run_address>
         <size>0x4f2</size>
         <input_file_ref idref="fl-3c"/>
      </object_component>
      <object_component id="oc-114">
         <name>.debug_info</name>
         <load_address>0x17e0a</load_address>
         <run_address>0x17e0a</run_address>
         <size>0x534</size>
         <input_file_ref idref="fl-3d"/>
      </object_component>
      <object_component id="oc-118">
         <name>.debug_info</name>
         <load_address>0x1833e</load_address>
         <run_address>0x1833e</run_address>
         <size>0x64a</size>
         <input_file_ref idref="fl-3e"/>
      </object_component>
      <object_component id="oc-11c">
         <name>.debug_info</name>
         <load_address>0x18988</load_address>
         <run_address>0x18988</run_address>
         <size>0x4f2</size>
         <input_file_ref idref="fl-3f"/>
      </object_component>
      <object_component id="oc-13e">
         <name>.debug_info</name>
         <load_address>0x18e7a</load_address>
         <run_address>0x18e7a</run_address>
         <size>0x6e</size>
      </object_component>
      <object_component id="oc-18">
         <name>.debug_frame</name>
         <load_address>0x0</load_address>
         <run_address>0x0</run_address>
         <size>0x104</size>
         <input_file_ref idref="fl-2"/>
      </object_component>
      <object_component id="oc-1f">
         <name>.debug_frame</name>
         <load_address>0x104</load_address>
         <run_address>0x104</run_address>
         <size>0x11f</size>
         <input_file_ref idref="fl-3"/>
      </object_component>
      <object_component id="oc-19">
         <name>.debug_line</name>
         <load_address>0x0</load_address>
         <run_address>0x0</run_address>
         <size>0xe7</size>
         <input_file_ref idref="fl-2"/>
      </object_component>
      <object_component id="oc-20">
         <name>.debug_line</name>
         <load_address>0xe7</load_address>
         <run_address>0xe7</run_address>
         <size>0xbd</size>
         <input_file_ref idref="fl-3"/>
      </object_component>
      <object_component id="oc-24">
         <name>.debug_line</name>
         <load_address>0x1a4</load_address>
         <run_address>0x1a4</run_address>
         <size>0x5c</size>
         <input_file_ref idref="fl-7"/>
      </object_component>
      <object_component id="oc-28">
         <name>.debug_line</name>
         <load_address>0x200</load_address>
         <run_address>0x200</run_address>
         <size>0x54</size>
         <input_file_ref idref="fl-8"/>
      </object_component>
      <object_component id="oc-2c">
         <name>.debug_line</name>
         <load_address>0x254</load_address>
         <run_address>0x254</run_address>
         <size>0x5b</size>
         <input_file_ref idref="fl-9"/>
      </object_component>
      <object_component id="oc-33">
         <name>.debug_line</name>
         <load_address>0x2af</load_address>
         <run_address>0x2af</run_address>
         <size>0x51</size>
         <input_file_ref idref="fl-a"/>
      </object_component>
      <object_component id="oc-37">
         <name>.debug_line</name>
         <load_address>0x300</load_address>
         <run_address>0x300</run_address>
         <size>0x3d</size>
         <input_file_ref idref="fl-b"/>
      </object_component>
      <object_component id="oc-3b">
         <name>.debug_line</name>
         <load_address>0x33d</load_address>
         <run_address>0x33d</run_address>
         <size>0x5b</size>
         <input_file_ref idref="fl-c"/>
      </object_component>
      <object_component id="oc-3f">
         <name>.debug_line</name>
         <load_address>0x398</load_address>
         <run_address>0x398</run_address>
         <size>0x3d</size>
         <input_file_ref idref="fl-d"/>
      </object_component>
      <object_component id="oc-43">
         <name>.debug_line</name>
         <load_address>0x3d5</load_address>
         <run_address>0x3d5</run_address>
         <size>0x3d</size>
         <input_file_ref idref="fl-e"/>
      </object_component>
      <object_component id="oc-48">
         <name>.debug_line</name>
         <load_address>0x412</load_address>
         <run_address>0x412</run_address>
         <size>0x38</size>
         <input_file_ref idref="fl-f"/>
      </object_component>
      <object_component id="oc-4c">
         <name>.debug_line</name>
         <load_address>0x44a</load_address>
         <run_address>0x44a</run_address>
         <size>0x3d</size>
         <input_file_ref idref="fl-10"/>
      </object_component>
      <object_component id="oc-51">
         <name>.debug_line</name>
         <load_address>0x487</load_address>
         <run_address>0x487</run_address>
         <size>0x44</size>
         <input_file_ref idref="fl-11"/>
      </object_component>
      <object_component id="oc-56">
         <name>.debug_line</name>
         <load_address>0x4cb</load_address>
         <run_address>0x4cb</run_address>
         <size>0x44</size>
         <input_file_ref idref="fl-12"/>
      </object_component>
      <object_component id="oc-5c">
         <name>.debug_line</name>
         <load_address>0x50f</load_address>
         <run_address>0x50f</run_address>
         <size>0xd7</size>
         <input_file_ref idref="fl-13"/>
      </object_component>
      <object_component id="oc-60">
         <name>.debug_line</name>
         <load_address>0x5e6</load_address>
         <run_address>0x5e6</run_address>
         <size>0x40</size>
         <input_file_ref idref="fl-14"/>
      </object_component>
      <object_component id="oc-64">
         <name>.debug_line</name>
         <load_address>0x626</load_address>
         <run_address>0x626</run_address>
         <size>0x4d</size>
         <input_file_ref idref="fl-15"/>
      </object_component>
      <object_component id="oc-68">
         <name>.debug_line</name>
         <load_address>0x673</load_address>
         <run_address>0x673</run_address>
         <size>0x97</size>
         <input_file_ref idref="fl-16"/>
      </object_component>
      <object_component id="oc-6c">
         <name>.debug_line</name>
         <load_address>0x70a</load_address>
         <run_address>0x70a</run_address>
         <size>0x3c</size>
         <input_file_ref idref="fl-17"/>
      </object_component>
      <object_component id="oc-72">
         <name>.debug_line</name>
         <load_address>0x746</load_address>
         <run_address>0x746</run_address>
         <size>0x1b0</size>
         <input_file_ref idref="fl-18"/>
      </object_component>
      <object_component id="oc-76">
         <name>.debug_line</name>
         <load_address>0x8f6</load_address>
         <run_address>0x8f6</run_address>
         <size>0x4d</size>
         <input_file_ref idref="fl-19"/>
      </object_component>
      <object_component id="oc-7d">
         <name>.debug_line</name>
         <load_address>0x943</load_address>
         <run_address>0x943</run_address>
         <size>0x112</size>
         <input_file_ref idref="fl-1a"/>
      </object_component>
      <object_component id="oc-82">
         <name>.debug_line</name>
         <load_address>0xa55</load_address>
         <run_address>0xa55</run_address>
         <size>0x3c</size>
         <input_file_ref idref="fl-1b"/>
      </object_component>
      <object_component id="oc-86">
         <name>.debug_line</name>
         <load_address>0xa91</load_address>
         <run_address>0xa91</run_address>
         <size>0x3c</size>
         <input_file_ref idref="fl-1c"/>
      </object_component>
      <object_component id="oc-8a">
         <name>.debug_line</name>
         <load_address>0xacd</load_address>
         <run_address>0xacd</run_address>
         <size>0x37</size>
         <input_file_ref idref="fl-1d"/>
      </object_component>
      <object_component id="oc-8e">
         <name>.debug_line</name>
         <load_address>0xb04</load_address>
         <run_address>0xb04</run_address>
         <size>0x69</size>
         <input_file_ref idref="fl-1e"/>
      </object_component>
      <object_component id="oc-92">
         <name>.debug_line</name>
         <load_address>0xb6d</load_address>
         <run_address>0xb6d</run_address>
         <size>0x39</size>
         <input_file_ref idref="fl-1f"/>
      </object_component>
      <object_component id="oc-96">
         <name>.debug_line</name>
         <load_address>0xba6</load_address>
         <run_address>0xba6</run_address>
         <size>0x3b</size>
         <input_file_ref idref="fl-20"/>
      </object_component>
      <object_component id="oc-9b">
         <name>.debug_line</name>
         <load_address>0xbe1</load_address>
         <run_address>0xbe1</run_address>
         <size>0x3a</size>
         <input_file_ref idref="fl-21"/>
      </object_component>
      <object_component id="oc-a2">
         <name>.debug_line</name>
         <load_address>0xc1b</load_address>
         <run_address>0xc1b</run_address>
         <size>0x54</size>
         <input_file_ref idref="fl-22"/>
      </object_component>
      <object_component id="oc-a6">
         <name>.debug_line</name>
         <load_address>0xc6f</load_address>
         <run_address>0xc6f</run_address>
         <size>0x37</size>
         <input_file_ref idref="fl-23"/>
      </object_component>
      <object_component id="oc-ab">
         <name>.debug_line</name>
         <load_address>0xca6</load_address>
         <run_address>0xca6</run_address>
         <size>0x15d</size>
         <input_file_ref idref="fl-24"/>
      </object_component>
      <object_component id="oc-b1">
         <name>.debug_line</name>
         <load_address>0xe03</load_address>
         <run_address>0xe03</run_address>
         <size>0x6a</size>
         <input_file_ref idref="fl-25"/>
      </object_component>
      <object_component id="oc-b6">
         <name>.debug_line</name>
         <load_address>0xe6d</load_address>
         <run_address>0xe6d</run_address>
         <size>0x38</size>
         <input_file_ref idref="fl-26"/>
      </object_component>
      <object_component id="oc-ba">
         <name>.debug_line</name>
         <load_address>0xea5</load_address>
         <run_address>0xea5</run_address>
         <size>0x58</size>
         <input_file_ref idref="fl-27"/>
      </object_component>
      <object_component id="oc-be">
         <name>.debug_line</name>
         <load_address>0xefd</load_address>
         <run_address>0xefd</run_address>
         <size>0x37</size>
         <input_file_ref idref="fl-28"/>
      </object_component>
      <object_component id="oc-c2">
         <name>.debug_line</name>
         <load_address>0xf34</load_address>
         <run_address>0xf34</run_address>
         <size>0x4c</size>
         <input_file_ref idref="fl-29"/>
      </object_component>
      <object_component id="oc-c6">
         <name>.debug_line</name>
         <load_address>0xf80</load_address>
         <run_address>0xf80</run_address>
         <size>0x57</size>
         <input_file_ref idref="fl-2a"/>
      </object_component>
      <object_component id="oc-cc">
         <name>.debug_line</name>
         <load_address>0xfd7</load_address>
         <run_address>0xfd7</run_address>
         <size>0x57</size>
         <input_file_ref idref="fl-2b"/>
      </object_component>
      <object_component id="oc-d2">
         <name>.debug_line</name>
         <load_address>0x102e</load_address>
         <run_address>0x102e</run_address>
         <size>0x328</size>
         <input_file_ref idref="fl-2c"/>
      </object_component>
      <object_component id="oc-d6">
         <name>.debug_line</name>
         <load_address>0x1356</load_address>
         <run_address>0x1356</run_address>
         <size>0x41</size>
         <input_file_ref idref="fl-2d"/>
      </object_component>
      <object_component id="oc-da">
         <name>.debug_line</name>
         <load_address>0x1397</load_address>
         <run_address>0x1397</run_address>
         <size>0x46</size>
         <input_file_ref idref="fl-2e"/>
      </object_component>
      <object_component id="oc-de">
         <name>.debug_line</name>
         <load_address>0x13dd</load_address>
         <run_address>0x13dd</run_address>
         <size>0x55</size>
         <input_file_ref idref="fl-2f"/>
      </object_component>
      <object_component id="oc-e2">
         <name>.debug_line</name>
         <load_address>0x1432</load_address>
         <run_address>0x1432</run_address>
         <size>0xad</size>
         <input_file_ref idref="fl-30"/>
      </object_component>
      <object_component id="oc-ec">
         <name>.debug_line</name>
         <load_address>0x14df</load_address>
         <run_address>0x14df</run_address>
         <size>0x44</size>
         <input_file_ref idref="fl-33"/>
      </object_component>
      <object_component id="oc-f0">
         <name>.debug_line</name>
         <load_address>0x1523</load_address>
         <run_address>0x1523</run_address>
         <size>0x56</size>
         <input_file_ref idref="fl-34"/>
      </object_component>
      <object_component id="oc-f5">
         <name>.debug_line</name>
         <load_address>0x1579</load_address>
         <run_address>0x1579</run_address>
         <size>0xa8</size>
         <input_file_ref idref="fl-35"/>
      </object_component>
      <object_component id="oc-f9">
         <name>.debug_line</name>
         <load_address>0x1621</load_address>
         <run_address>0x1621</run_address>
         <size>0x3a</size>
         <input_file_ref idref="fl-36"/>
      </object_component>
      <object_component id="oc-fd">
         <name>.debug_line</name>
         <load_address>0x165b</load_address>
         <run_address>0x165b</run_address>
         <size>0x3c</size>
         <input_file_ref idref="fl-37"/>
      </object_component>
      <object_component id="oc-101">
         <name>.debug_line</name>
         <load_address>0x1697</load_address>
         <run_address>0x1697</run_address>
         <size>0x38</size>
         <input_file_ref idref="fl-38"/>
      </object_component>
      <object_component id="oc-105">
         <name>.debug_line</name>
         <load_address>0x16cf</load_address>
         <run_address>0x16cf</run_address>
         <size>0xa8</size>
         <input_file_ref idref="fl-39"/>
      </object_component>
      <object_component id="oc-109">
         <name>.debug_line</name>
         <load_address>0x1777</load_address>
         <run_address>0x1777</run_address>
         <size>0x40</size>
         <input_file_ref idref="fl-3a"/>
      </object_component>
      <object_component id="oc-10d">
         <name>.debug_line</name>
         <load_address>0x17b7</load_address>
         <run_address>0x17b7</run_address>
         <size>0x3c</size>
         <input_file_ref idref="fl-3b"/>
      </object_component>
      <object_component id="oc-111">
         <name>.debug_line</name>
         <load_address>0x17f3</load_address>
         <run_address>0x17f3</run_address>
         <size>0x3c</size>
         <input_file_ref idref="fl-3c"/>
      </object_component>
      <object_component id="oc-115">
         <name>.debug_line</name>
         <load_address>0x182f</load_address>
         <run_address>0x182f</run_address>
         <size>0x44</size>
         <input_file_ref idref="fl-3d"/>
      </object_component>
      <object_component id="oc-119">
         <name>.debug_line</name>
         <load_address>0x1873</load_address>
         <run_address>0x1873</run_address>
         <size>0x3f</size>
         <input_file_ref idref="fl-3e"/>
      </object_component>
      <object_component id="oc-11d">
         <name>.debug_line</name>
         <load_address>0x18b2</load_address>
         <run_address>0x18b2</run_address>
         <size>0x3c</size>
         <input_file_ref idref="fl-3f"/>
      </object_component>
      <object_component id="oc-1a">
         <name>.debug_abbrev</name>
         <load_address>0x0</load_address>
         <run_address>0x0</run_address>
         <size>0x15e</size>
         <input_file_ref idref="fl-2"/>
      </object_component>
      <object_component id="oc-21">
         <name>.debug_abbrev</name>
         <load_address>0x15e</load_address>
         <run_address>0x15e</run_address>
         <size>0x140</size>
         <input_file_ref idref="fl-3"/>
      </object_component>
      <object_component id="oc-25">
         <name>.debug_abbrev</name>
         <load_address>0x29e</load_address>
         <run_address>0x29e</run_address>
         <size>0xd4</size>
         <input_file_ref idref="fl-7"/>
      </object_component>
      <object_component id="oc-29">
         <name>.debug_abbrev</name>
         <load_address>0x372</load_address>
         <run_address>0x372</run_address>
         <size>0x3a</size>
         <input_file_ref idref="fl-8"/>
      </object_component>
      <object_component id="oc-2d">
         <name>.debug_abbrev</name>
         <load_address>0x3ac</load_address>
         <run_address>0x3ac</run_address>
         <size>0x112</size>
         <input_file_ref idref="fl-9"/>
      </object_component>
      <object_component id="oc-34">
         <name>.debug_abbrev</name>
         <load_address>0x4be</load_address>
         <run_address>0x4be</run_address>
         <size>0xf7</size>
         <input_file_ref idref="fl-a"/>
      </object_component>
      <object_component id="oc-38">
         <name>.debug_abbrev</name>
         <load_address>0x5b5</load_address>
         <run_address>0x5b5</run_address>
         <size>0x118</size>
         <input_file_ref idref="fl-b"/>
      </object_component>
      <object_component id="oc-3c">
         <name>.debug_abbrev</name>
         <load_address>0x6cd</load_address>
         <run_address>0x6cd</run_address>
         <size>0x136</size>
         <input_file_ref idref="fl-c"/>
      </object_component>
      <object_component id="oc-40">
         <name>.debug_abbrev</name>
         <load_address>0x803</load_address>
         <run_address>0x803</run_address>
         <size>0x8f</size>
         <input_file_ref idref="fl-d"/>
      </object_component>
      <object_component id="oc-44">
         <name>.debug_abbrev</name>
         <load_address>0x892</load_address>
         <run_address>0x892</run_address>
         <size>0xb7</size>
         <input_file_ref idref="fl-e"/>
      </object_component>
      <object_component id="oc-49">
         <name>.debug_abbrev</name>
         <load_address>0x949</load_address>
         <run_address>0x949</run_address>
         <size>0xaf</size>
         <input_file_ref idref="fl-f"/>
      </object_component>
      <object_component id="oc-4d">
         <name>.debug_abbrev</name>
         <load_address>0x9f8</load_address>
         <run_address>0x9f8</run_address>
         <size>0x8f</size>
         <input_file_ref idref="fl-10"/>
      </object_component>
      <object_component id="oc-52">
         <name>.debug_abbrev</name>
         <load_address>0xa87</load_address>
         <run_address>0xa87</run_address>
         <size>0xc2</size>
         <input_file_ref idref="fl-11"/>
      </object_component>
      <object_component id="oc-57">
         <name>.debug_abbrev</name>
         <load_address>0xb49</load_address>
         <run_address>0xb49</run_address>
         <size>0xc2</size>
         <input_file_ref idref="fl-12"/>
      </object_component>
      <object_component id="oc-5d">
         <name>.debug_abbrev</name>
         <load_address>0xc0b</load_address>
         <run_address>0xc0b</run_address>
         <size>0x1a2</size>
         <input_file_ref idref="fl-13"/>
      </object_component>
      <object_component id="oc-61">
         <name>.debug_abbrev</name>
         <load_address>0xdad</load_address>
         <run_address>0xdad</run_address>
         <size>0x9a</size>
         <input_file_ref idref="fl-14"/>
      </object_component>
      <object_component id="oc-65">
         <name>.debug_abbrev</name>
         <load_address>0xe47</load_address>
         <run_address>0xe47</run_address>
         <size>0x111</size>
         <input_file_ref idref="fl-15"/>
      </object_component>
      <object_component id="oc-69">
         <name>.debug_abbrev</name>
         <load_address>0xf58</load_address>
         <run_address>0xf58</run_address>
         <size>0x11e</size>
         <input_file_ref idref="fl-16"/>
      </object_component>
      <object_component id="oc-6d">
         <name>.debug_abbrev</name>
         <load_address>0x1076</load_address>
         <run_address>0x1076</run_address>
         <size>0x38</size>
         <input_file_ref idref="fl-17"/>
      </object_component>
      <object_component id="oc-73">
         <name>.debug_abbrev</name>
         <load_address>0x10ae</load_address>
         <run_address>0x10ae</run_address>
         <size>0x225</size>
         <input_file_ref idref="fl-18"/>
      </object_component>
      <object_component id="oc-77">
         <name>.debug_abbrev</name>
         <load_address>0x12d3</load_address>
         <run_address>0x12d3</run_address>
         <size>0x38</size>
         <input_file_ref idref="fl-19"/>
      </object_component>
      <object_component id="oc-7e">
         <name>.debug_abbrev</name>
         <load_address>0x130b</load_address>
         <run_address>0x130b</run_address>
         <size>0x1de</size>
         <input_file_ref idref="fl-1a"/>
      </object_component>
      <object_component id="oc-83">
         <name>.debug_abbrev</name>
         <load_address>0x14e9</load_address>
         <run_address>0x14e9</run_address>
         <size>0x98</size>
         <input_file_ref idref="fl-1b"/>
      </object_component>
      <object_component id="oc-87">
         <name>.debug_abbrev</name>
         <load_address>0x1581</load_address>
         <run_address>0x1581</run_address>
         <size>0xdc</size>
         <input_file_ref idref="fl-1c"/>
      </object_component>
      <object_component id="oc-8b">
         <name>.debug_abbrev</name>
         <load_address>0x165d</load_address>
         <run_address>0x165d</run_address>
         <size>0x81</size>
         <input_file_ref idref="fl-1d"/>
      </object_component>
      <object_component id="oc-8f">
         <name>.debug_abbrev</name>
         <load_address>0x16de</load_address>
         <run_address>0x16de</run_address>
         <size>0x145</size>
         <input_file_ref idref="fl-1e"/>
      </object_component>
      <object_component id="oc-93">
         <name>.debug_abbrev</name>
         <load_address>0x1823</load_address>
         <run_address>0x1823</run_address>
         <size>0xbf</size>
         <input_file_ref idref="fl-1f"/>
      </object_component>
      <object_component id="oc-97">
         <name>.debug_abbrev</name>
         <load_address>0x18e2</load_address>
         <run_address>0x18e2</run_address>
         <size>0xcf</size>
         <input_file_ref idref="fl-20"/>
      </object_component>
      <object_component id="oc-9c">
         <name>.debug_abbrev</name>
         <load_address>0x19b1</load_address>
         <run_address>0x19b1</run_address>
         <size>0xaf</size>
         <input_file_ref idref="fl-21"/>
      </object_component>
      <object_component id="oc-a3">
         <name>.debug_abbrev</name>
         <load_address>0x1a60</load_address>
         <run_address>0x1a60</run_address>
         <size>0xcc</size>
         <input_file_ref idref="fl-22"/>
      </object_component>
      <object_component id="oc-a7">
         <name>.debug_abbrev</name>
         <load_address>0x1b2c</load_address>
         <run_address>0x1b2c</run_address>
         <size>0x8f</size>
         <input_file_ref idref="fl-23"/>
      </object_component>
      <object_component id="oc-ac">
         <name>.debug_abbrev</name>
         <load_address>0x1bbb</load_address>
         <run_address>0x1bbb</run_address>
         <size>0x15a</size>
         <input_file_ref idref="fl-24"/>
      </object_component>
      <object_component id="oc-b2">
         <name>.debug_abbrev</name>
         <load_address>0x1d15</load_address>
         <run_address>0x1d15</run_address>
         <size>0xde</size>
         <input_file_ref idref="fl-25"/>
      </object_component>
      <object_component id="oc-b7">
         <name>.debug_abbrev</name>
         <load_address>0x1df3</load_address>
         <run_address>0x1df3</run_address>
         <size>0xaf</size>
         <input_file_ref idref="fl-26"/>
      </object_component>
      <object_component id="oc-bb">
         <name>.debug_abbrev</name>
         <load_address>0x1ea2</load_address>
         <run_address>0x1ea2</run_address>
         <size>0x38</size>
         <input_file_ref idref="fl-27"/>
      </object_component>
      <object_component id="oc-bf">
         <name>.debug_abbrev</name>
         <load_address>0x1eda</load_address>
         <run_address>0x1eda</run_address>
         <size>0x26</size>
         <input_file_ref idref="fl-28"/>
      </object_component>
      <object_component id="oc-c3">
         <name>.debug_abbrev</name>
         <load_address>0x1f00</load_address>
         <run_address>0x1f00</run_address>
         <size>0x124</size>
         <input_file_ref idref="fl-29"/>
      </object_component>
      <object_component id="oc-c7">
         <name>.debug_abbrev</name>
         <load_address>0x2024</load_address>
         <run_address>0x2024</run_address>
         <size>0xd1</size>
         <input_file_ref idref="fl-2a"/>
      </object_component>
      <object_component id="oc-cd">
         <name>.debug_abbrev</name>
         <load_address>0x20f5</load_address>
         <run_address>0x20f5</run_address>
         <size>0x9f</size>
         <input_file_ref idref="fl-2b"/>
      </object_component>
      <object_component id="oc-d3">
         <name>.debug_abbrev</name>
         <load_address>0x2194</load_address>
         <run_address>0x2194</run_address>
         <size>0x1f8</size>
         <input_file_ref idref="fl-2c"/>
      </object_component>
      <object_component id="oc-d7">
         <name>.debug_abbrev</name>
         <load_address>0x238c</load_address>
         <run_address>0x238c</run_address>
         <size>0xec</size>
         <input_file_ref idref="fl-2d"/>
      </object_component>
      <object_component id="oc-db">
         <name>.debug_abbrev</name>
         <load_address>0x2478</load_address>
         <run_address>0x2478</run_address>
         <size>0xd5</size>
         <input_file_ref idref="fl-2e"/>
      </object_component>
      <object_component id="oc-df">
         <name>.debug_abbrev</name>
         <load_address>0x254d</load_address>
         <run_address>0x254d</run_address>
         <size>0x44</size>
         <input_file_ref idref="fl-2f"/>
      </object_component>
      <object_component id="oc-e3">
         <name>.debug_abbrev</name>
         <load_address>0x2591</load_address>
         <run_address>0x2591</run_address>
         <size>0xb7</size>
         <input_file_ref idref="fl-30"/>
      </object_component>
      <object_component id="oc-e5">
         <name>.debug_abbrev</name>
         <load_address>0x2648</load_address>
         <run_address>0x2648</run_address>
         <size>0x68</size>
         <input_file_ref idref="fl-31"/>
      </object_component>
      <object_component id="oc-e9">
         <name>.debug_abbrev</name>
         <load_address>0x26b0</load_address>
         <run_address>0x26b0</run_address>
         <size>0x83</size>
         <input_file_ref idref="fl-32"/>
      </object_component>
      <object_component id="oc-ed">
         <name>.debug_abbrev</name>
         <load_address>0x2733</load_address>
         <run_address>0x2733</run_address>
         <size>0xb5</size>
         <input_file_ref idref="fl-33"/>
      </object_component>
      <object_component id="oc-f1">
         <name>.debug_abbrev</name>
         <load_address>0x27e8</load_address>
         <run_address>0x27e8</run_address>
         <size>0x103</size>
         <input_file_ref idref="fl-34"/>
      </object_component>
      <object_component id="oc-f6">
         <name>.debug_abbrev</name>
         <load_address>0x28eb</load_address>
         <run_address>0x28eb</run_address>
         <size>0x140</size>
         <input_file_ref idref="fl-35"/>
      </object_component>
      <object_component id="oc-fa">
         <name>.debug_abbrev</name>
         <load_address>0x2a2b</load_address>
         <run_address>0x2a2b</run_address>
         <size>0x81</size>
         <input_file_ref idref="fl-36"/>
      </object_component>
      <object_component id="oc-fe">
         <name>.debug_abbrev</name>
         <load_address>0x2aac</load_address>
[...]
      </symbol>
      <symbol id="sm-16">
         <name>.bss</name>
         <value>0x9120</value>
      </symbol>
      <symbol id="sm-17">
         <name>___bss__</name>
         <value>0x9120</value>
      </symbol>
      <symbol id="sm-18">
         <name>end</name>
         <value>0xa870</value>
      </symbol>
      <symbol id="sm-19">
         <name>___end__</name>
         <value>0xa870</value>
      </symbol>
      <symbol id="sm-60">
         <name>_main</name>
         <value>0x2b90</value>
         <object_component_ref idref="oc-14"/>
      </symbol>
      <symbol id="sm-61">
         <name>_param</name>
         <value>0x9124</value>
         <object_component_ref idref="oc-15"/>
      </symbol>
      <symbol id="sm-62">
         <name>_wHeader</name>
         <value>0x2d8b</value>
         <object_component_ref idref="oc-14"/>
      </symbol>
      <symbol id="sm-63">
         <name>_temp</name>
         <value>0x9334</value>
         <object_component_ref idref="oc-15"/>
      </symbol>
      <symbol id="sm-64">
         <name>_waveHeader</name>
         <value>0xa334</value>
         <object_component_ref idref="oc-15"/>
      </symbol>
      <symbol id="sm-65">
         <name>_t</name>
         <value>0x9120</value>
         <object_component_ref idref="oc-15"/>
      </symbol>
      <symbol id="sm-87">
         <name>_interpolation</name>
         <value>0x37c0</value>
         <object_component_ref idref="oc-1b"/>
      </symbol>
      <symbol id="sm-88">
         <name>_modulation</name>
         <value>0x371c</value>
         <object_component_ref idref="oc-1b"/>
      </symbol>
      <symbol id="sm-89">
         <name>_vibratoInit</name>
         <value>0x3652</value>
         <object_component_ref idref="oc-1b"/>
      </symbol>
      <symbol id="sm-93">
         <name>__addd</name>
         <value>0x33f8</value>
         <object_component_ref idref="oc-22"/>
      </symbol>
      <symbol id="sm-9f">
         <name>__sysstack</name>
         <value>0xa880</value>
         <object_component_ref idref="oc-11f"/>
      </symbol>
      <symbol id="sm-a0">
         <name>_c_int00</name>
         <value>0x4fdd</value>
         <object_component_ref idref="oc-12"/>
      </symbol>
      <symbol id="sm-a1">
         <name>__stack</name>
         <value>0x5120</value>
         <object_component_ref idref="oc-26"/>
      </symbol>
      <symbol id="sm-ad">
         <name>__divd</name>
         <value>0x27c4</value>
         <object_component_ref idref="oc-2a"/>
      </symbol>
      <symbol id="sm-bd">
         <name>C$$EXIT</name>
         <value>0x5110</value>
         <object_component_ref idref="oc-32"/>
      </symbol>
      <symbol id="sm-be">
         <name>_exit</name>
         <value>0x4f9f</value>
         <object_component_ref idref="oc-2e"/>
      </symbol>
      <symbol id="sm-bf">
         <name>_abort</name>
         <value>0x510f</value>
         <object_component_ref idref="oc-32"/>
      </symbol>
      <symbol id="sm-c0">
         <name>__cleanup_ptr</name>
         <value>0xa868</value>
         <object_component_ref idref="oc-2f"/>
      </symbol>
      <symbol id="sm-c1">
         <name>__dtors_ptr</name>
         <value>0xa86c</value>
         <object_component_ref idref="oc-2f"/>
      </symbol>
      <symbol id="sm-cb">
         <name>_fclose</name>
         <value>0x490a</value>
         <object_component_ref idref="oc-35"/>
      </symbol>
      <symbol id="sm-d5">
         <name>__doflush</name>
         <value>0x43bb</value>
         <object_component_ref idref="oc-39"/>
      </symbol>
      <symbol id="sm-d6">
         <name>_fflush</name>
         <value>0x4424</value>
         <object_component_ref idref="oc-39"/>
      </symbol>
      <symbol id="sm-e0">
         <name>__fixdi</name>
         <value>0x5011</value>
         <object_component_ref idref="oc-3d"/>
      </symbol>
      <symbol id="sm-ea">
         <name>__fixdli</name>
         <value>0x4ae0</value>
         <object_component_ref idref="oc-41"/>
      </symbol>
      <symbol id="sm-f6">
         <name>_floor</name>
         <value>0x474a</value>
         <object_component_ref idref="oc-45"/>
      </symbol>
      <symbol id="sm-100">
         <name>__fltid</name>
         <value>0x50f9</value>
         <object_component_ref idref="oc-4a"/>
      </symbol>
      <symbol id="sm-10c">
         <name>__fltlid</name>
         <value>0x4c27</value>
         <object_component_ref idref="oc-4e"/>
      </symbol>
      <symbol id="sm-118">
         <name>__fltuld</name>
         <value>0x4d49</value>
         <object_component_ref idref="oc-53"/>
      </symbol>
      <symbol id="sm-127">
         <name>__cleanup</name>
         <value>0x303c</value>
         <object_component_ref idref="oc-58"/>
      </symbol>
      <symbol id="sm-128">
         <name>_fopen</name>
         <value>0x315f</value>
         <object_component_ref idref="oc-58"/>
      </symbol>
      <symbol id="sm-129">
         <name>_freopen</name>
         <value>0x3096</value>
         <object_component_ref idref="oc-58"/>
      </symbol>
      <symbol id="sm-133">
         <name>__frcmpyd_div</name>
         <value>0x49fb</value>
         <object_component_ref idref="oc-5e"/>
      </symbol>
      <symbol id="sm-13d">
         <name>_fread</name>
         <value>0x40e9</value>
         <object_component_ref idref="oc-62"/>
      </symbol>
      <symbol id="sm-149">
         <name>_fwrite</name>
         <value>0x3a62</value>
         <object_component_ref idref="oc-66"/>
      </symbol>
      <symbol id="sm-151">
         <name>__mpyli</name>
         <value>0x50b6</value>
         <object_component_ref idref="oc-6a"/>
      </symbol>
      <symbol id="sm-152">
         <name>I$$LMPY</name>
         <value>0x50b6</value>
         <object_component_ref idref="oc-6a"/>
      </symbol>
      <symbol id="sm-164">
         <name>_add_device</name>
         <value>0x1cf7</value>
         <object_component_ref idref="oc-6e"/>
      </symbol>
      <symbol id="sm-165">
         <name>_rename</name>
         <value>0x1a19</value>
         <object_component_ref idref="oc-6e"/>
      </symbol>
      <symbol id="sm-166">
         <name>_read</name>
         <value>0x1aa8</value>
         <object_component_ref idref="oc-6e"/>
      </symbol>
      <symbol id="sm-167">
         <name>_unlink</name>
         <value>0x19e6</value>
         <object_component_ref idref="oc-6e"/>
      </symbol>
      <symbol id="sm-168">
         <name>_remove_device</name>
         <value>0x1a72</value>
         <object_component_ref idref="oc-6e"/>
      </symbol>
      <symbol id="sm-169">
         <name>_open</name>
         <value>0x1b56</value>
         <object_component_ref idref="oc-6e"/>
      </symbol>
      <symbol id="sm-16a">
         <name>_find_registered_device</name>
         <value>0x1c7b</value>
         <object_component_ref idref="oc-6e"/>
      </symbol>
      <symbol id="sm-16b">
         <name>_lseek</name>
         <value>0x1c15</value>
         <object_component_ref idref="oc-6e"/>
      </symbol>
      <symbol id="sm-16c">
         <name>_close</name>
         <value>0x1c84</value>
         <object_component_ref idref="oc-6e"/>
      </symbol>
      <symbol id="sm-16d">
         <name>_write</name>
         <value>0x18a4</value>
         <object_component_ref idref="oc-6e"/>
      </symbol>
      <symbol id="sm-175">
         <name>_memcpy</name>
         <value>0x4f60</value>
         <object_component_ref idref="oc-74"/>
      </symbol>
      <symbol id="sm-185">
         <name>__sys_memory</name>
         <value>0x7120</value>
         <object_component_ref idref="oc-7c"/>
      </symbol>
      <symbol id="sm-186">
         <name>_chkheap</name>
         <value>0x2796</value>
         <object_component_ref idref="oc-78"/>
      </symbol>
      <symbol id="sm-187">
         <name>_realloc</name>
         <value>0x2535</value>
         <object_component_ref idref="oc-78"/>
      </symbol>
      <symbol id="sm-188">
         <name>_free_memory</name>
         <value>0x2740</value>
         <object_component_ref idref="oc-78"/>
      </symbol>
      <symbol id="sm-189">
         <name>_max_free</name>
         <value>0x26e6</value>
         <object_component_ref idref="oc-78"/>
      </symbol>
      <symbol id="sm-18a">
         <name>_free</name>
         <value>0x230f</value>
         <object_component_ref idref="oc-78"/>
      </symbol>
      <symbol id="sm-18b">
         <name>_calloc</name>
         <value>0x279e</value>
         <object_component_ref idref="oc-78"/>
      </symbol>
      <symbol id="sm-18c">
         <name>_malloc</name>
         <value>0x2440</value>
         <object_component_ref idref="oc-78"/>
      </symbol>
      <symbol id="sm-18d">
         <name>_minit</name>
         <value>0x23db</value>
         <object_component_ref idref="oc-78"/>
      </symbol>
      <symbol id="sm-199">
         <name>_modf</name>
         <value>0x447d</value>
         <object_component_ref idref="oc-7f"/>
      </symbol>
      <symbol id="sm-1a3">
         <name>__mpyd</name>
         <value>0x3f9d</value>
         <object_component_ref idref="oc-84"/>
      </symbol>
      <symbol id="sm-1ad">
         <name>__negd</name>
         <value>0x50db</value>
         <object_component_ref idref="oc-88"/>
      </symbol>
      <symbol id="sm-1b7">
         <name>_printf</name>
         <value>0x4da4</value>
         <object_component_ref idref="oc-8c"/>
      </symbol>
      <symbol id="sm-1c1">
         <name>_remove</name>
         <value>0x5105</value>
         <object_component_ref idref="oc-90"/>
      </symbol>
      <symbol id="sm-1cb">
         <name>_rewind</name>
         <value>0x50eb</value>
         <object_component_ref idref="oc-94"/>
      </symbol>
      <symbol id="sm-1d7">
         <name>__nround</name>
         <value>0x4c8e</value>
         <object_component_ref idref="oc-98"/>
      </symbol>
      <symbol id="sm-1e8">
         <name>_sin</name>
         <value>0x3870</value>
         <object_component_ref idref="oc-9d"/>
      </symbol>
      <symbol id="sm-1f2">
         <name>__subd</name>
         <value>0x50a2</value>
         <object_component_ref idref="oc-a4"/>
      </symbol>
      <symbol id="sm-1fe">
         <name>_HOSTopen</name>
         <value>0x20f2</value>
         <object_component_ref idref="oc-a8"/>
      </symbol>
      <symbol id="sm-1ff">
         <name>_HOSTread</name>
         <value>0x2065</value>
         <object_component_ref idref="oc-a8"/>
      </symbol>
      <symbol id="sm-200">
         <name>_HOSTtime</name>
         <value>0x1f59</value>
         <object_component_ref idref="oc-a8"/>
      </symbol>
      <symbol id="sm-201">
         <name>_getenv</name>
         <value>0x1de7</value>
         <object_component_ref idref="oc-a8"/>
      </symbol>
      <symbol id="sm-202">
         <name>_HOSTrename</name>
         <value>0x1fb7</value>
         <object_component_ref idref="oc-a8"/>
      </symbol>
      <symbol id="sm-203">
         <name>_HOSTclock</name>
         <value>0x22b1</value>
         <object_component_ref idref="oc-a8"/>
      </symbol>
      <symbol id="sm-204">
         <name>_HOSTwrite</name>
         <value>0x1e62</value>
         <object_component_ref idref="oc-a8"/>
      </symbol>
      <symbol id="sm-205">
         <name>_HOSTlseek</name>
         <value>0x2191</value>
         <object_component_ref idref="oc-a8"/>
      </symbol>
      <symbol id="sm-206">
         <name>_HOSTunlink</name>
         <value>0x1eef</value>
         <object_component_ref idref="oc-a8"/>
      </symbol>
      <symbol id="sm-207">
         <name>_HOSTclose</name>
         <value>0x2246</value>
         <object_component_ref idref="oc-a8"/>
      </symbol>
      <symbol id="sm-219">
         <name>C$$IO$$</name>
         <value>0x45f1</value>
         <object_component_ref idref="oc-b0"/>
      </symbol>
      <symbol id="sm-21a">
         <name>__CIOBUF_</name>
         <value>0xbd20</value>
         <object_component_ref idref="oc-af"/>
      </symbol>
      <symbol id="sm-21b">
         <name>_readmsg</name>
         <value>0x4b4f</value>
         <object_component_ref idref="oc-ad"/>
      </symbol>
      <symbol id="sm-21c">
         <name>_writemsg</name>
         <value>0x453c</value>
         <object_component_ref idref="oc-b0"/>
      </symbol>
      <symbol id="sm-228">
         <name>__trunc</name>
         <value>0x4f1f</value>
         <object_component_ref idref="oc-b3"/>
      </symbol>
      <symbol id="sm-230">
         <name>__remu</name>
         <value>0x5050</value>
         <object_component_ref idref="oc-b8"/>
      </symbol>
      <symbol id="sm-231">
         <name>__divu</name>
         <value>0x503b</value>
         <object_component_ref idref="oc-b8"/>
      </symbol>
      <symbol id="sm-232">
         <name>I$$UMOD</name>
         <value>0x5050</value>
         <object_component_ref idref="oc-b8"/>
      </symbol>
      <symbol id="sm-233">
         <name>I$$UDIV</name>
         <value>0x503b</value>
         <object_component_ref idref="oc-b8"/>
      </symbol>
      <symbol id="sm-23d">
         <name>_Reset</name>
         <value>0xfe00</value>
         <object_component_ref idref="oc-13"/>
      </symbol>
      <symbol id="sm-247">
         <name>__buff_read</name>
         <value>0x45f6</value>
         <object_component_ref idref="oc-c0"/>
      </symbol>
      <symbol id="sm-251">
         <name>__rd_ok</name>
         <value>0x435e</value>
         <object_component_ref idref="oc-c4"/>
      </symbol>
      <symbol id="sm-252">
         <name>__wrt_ok</name>
         <value>0x42de</value>
         <object_component_ref idref="oc-c4"/>
      </symbol>
      <symbol id="sm-260">
         <name>__unlock</name>
         <value>0xa864</value>
         <object_component_ref idref="oc-c9"/>
      </symbol>
      <symbol id="sm-261">
         <name>__lock</name>
         <value>0xa860</value>
         <object_component_ref idref="oc-c9"/>
      </symbol>
      <symbol id="sm-262">
         <name>__register_lock</name>
         <value>0x50d1</value>
         <object_component_ref idref="oc-c8"/>
      </symbol>
      <symbol id="sm-263">
         <name>__nop</name>
         <value>0x50d9</value>
         <object_component_ref idref="oc-c8"/>
      </symbol>
      <symbol id="sm-264">
         <name>__register_unlock</name>
         <value>0x50c9</value>
         <object_component_ref idref="oc-c8"/>
      </symbol>
      <symbol id="sm-276">
         <name>__printfi</name>
         <value>0x1662</value>
         <object_component_ref idref="oc-ce"/>
      </symbol>
      <symbol id="sm-280">
         <name>__args_main</name>
         <value>0x4e41</value>
         <object_component_ref idref="oc-d4"/>
      </symbol>
      <symbol id="sm-281">
         <name>__TI_args_main</name>
         <value>0x1</value>
      </symbol>
      <symbol id="sm-28b">
         <name>_atoi</name>
         <value>0x4ced</value>
         <object_component_ref idref="oc-d8"/>
      </symbol>
      <symbol id="sm-293">
         <name>_auto_init</name>
         <value>0x4df4</value>
         <object_component_ref idref="oc-dc"/>
      </symbol>
      <symbol id="sm-29d">
         <name>__eqld</name>
         <value>0x3dae</value>
         <object_component_ref idref="oc-e0"/>
      </symbol>
      <symbol id="sm-29e">
         <name>__cmpd</name>
         <value>0x3de2</value>
         <object_component_ref idref="oc-e0"/>
      </symbol>
      <symbol id="sm-29f">
         <name>__neqd</name>
         <value>0x3c50</value>
         <object_component_ref idref="oc-e0"/>
      </symbol>
      <symbol id="sm-2a0">
         <name>__gtrd</name>
         <value>0x3d19</value>
         <object_component_ref idref="oc-e0"/>
      </symbol>
      <symbol id="sm-2a1">
         <name>__geqd</name>
         <value>0x3d64</value>
         <object_component_ref idref="oc-e0"/>
      </symbol>
      <symbol id="sm-2a2">
         <name>__leqd</name>
         <value>0x3ccc</value>
         <object_component_ref idref="oc-e0"/>
      </symbol>
      <symbol id="sm-2a3">
         <name>__lssd</name>
         <value>0x3c84</value>
         <object_component_ref idref="oc-e0"/>
      </symbol>
      <symbol id="sm-2ab">
         <name>__ctypes_</name>
         <value>0xb880</value>
         <object_component_ref idref="oc-121"/>
      </symbol>
      <symbol id="sm-2b5">
         <name>__tmpnams</name>
         <value>0xa47c</value>
         <object_component_ref idref="oc-e6"/>
      </symbol>
      <symbol id="sm-2b6">
         <name>__ft_end</name>
         <value>0xa5bc</value>
         <object_component_ref idref="oc-e6"/>
      </symbol>
      <symbol id="sm-2b7">
         <name>__ftable</name>
         <value>0xa38c</value>
         <object_component_ref idref="oc-e6"/>
      </symbol>
      <symbol id="sm-2c2">
         <name>__divul</name>
         <value>0x47ec</value>
         <object_component_ref idref="oc-ea"/>
      </symbol>
      <symbol id="sm-2cc">
         <name>_putchar</name>
         <value>0x473b</value>
         <object_component_ref idref="oc-ee"/>
      </symbol>
      <symbol id="sm-2cd">
         <name>_putc</name>
         <value>0x46a4</value>
         <object_component_ref idref="oc-ee"/>
      </symbol>
      <symbol id="sm-2ce">
         <name>_fputc</name>
         <value>0x46a4</value>
         <object_component_ref idref="oc-ee"/>
      </symbol>
      <symbol id="sm-2dc">
         <name>_puts</name>
         <value>0x3f6f</value>
         <object_component_ref idref="oc-f2"/>
      </symbol>
      <symbol id="sm-2dd">
         <name>_fputs</name>
         <value>0x3e3a</value>
         <object_component_ref idref="oc-f2"/>
      </symbol>
      <symbol id="sm-2e7">
         <name>__frcmpyd</name>
         <value>0x4985</value>
         <object_component_ref idref="oc-f7"/>
      </symbol>
      <symbol id="sm-2f1">
         <name>_fseek</name>
         <value>0x4bbc</value>
         <object_component_ref idref="oc-fb"/>
      </symbol>
      <symbol id="sm-2fb">
         <name>___isinf</name>
         <value>0x5088</value>
         <object_component_ref idref="oc-ff"/>
      </symbol>
      <symbol id="sm-305">
         <name>__divull</name>
         <value>0x32cf</value>
         <object_component_ref idref="oc-103"/>
      </symbol>
      <symbol id="sm-306">
         <name>__mpylli</name>
         <value>0x3217</value>
         <object_component_ref idref="oc-103"/>
      </symbol>
      <symbol id="sm-307">
         <name>__remlli</name>
         <value>0x31e8</value>
         <object_component_ref idref="oc-103"/>
      </symbol>
      <symbol id="sm-308">
         <name>__divlli</name>
         <value>0x33c3</value>
         <object_component_ref idref="oc-103"/>
      </symbol>
      <symbol id="sm-309">
         <name>__remull</name>
         <value>0x319a</value>
         <object_component_ref idref="oc-103"/>
      </symbol>
      <symbol id="sm-313">
         <name>_ltoa</name>
         <value>0x488d</value>
         <object_component_ref idref="oc-107"/>
      </symbol>
      <symbol id="sm-31e">
         <name>_memccpy</name>
         <value>0x5065</value>
         <object_component_ref idref="oc-10b"/>
      </symbol>
      <symbol id="sm-328">
         <name>__remli</name>
         <value>0x4e8c</value>
         <object_component_ref idref="oc-10f"/>
      </symbol>
      <symbol id="sm-333">
         <name>__remul</name>
         <value>0x4a6e</value>
         <object_component_ref idref="oc-113"/>
      </symbol>
      <symbol id="sm-33d">
         <name>_setvbuf</name>
         <value>0x41f8</value>
         <object_component_ref idref="oc-117"/>
      </symbol>
      <symbol id="sm-347">
         <name>__divli</name>
         <value>0x4ed7</value>
         <object_component_ref idref="oc-11b"/>
      </symbol>
   </symbol_table>
</link_info>
