<?xml version="1.0"?>
<link_info>
   <banner>TMS320C55x Linker PC v4.4.1</banner>
   <copyright>Copyright (c) 1996-2012 Texas Instruments Incorporated</copyright>
   <link_time>0x6357709e</link_time>
   <output_file>vibrato.out</output_file>
   <entry_point>
      <name>_c_int00</name>
      <address>0x6fb1</address>
   </entry_point>
   <input_file_list>
      <input_file id="fl-2">
         <path>.\src\</path>
         <kind>object</kind>
         <file>main.obj</file>
         <name>main.obj</name>
      </input_file>
      <input_file id="fl-3">
         <path>.\src\</path>
         <kind>object</kind>
         <file>vibrato.obj</file>
         <name>vibrato.obj</name>
      </input_file>
      <input_file id="fl-7">
         <path>C:\ti\ccs1210\ccs\tools\compiler\c5500_4.4.1\lib\</path>
         <kind>archive</kind>
         <file>rts55x.lib</file>
         <name>addd.obj</name>
      </input_file>
      <input_file id="fl-8">
         <path>C:\ti\ccs1210\ccs\tools\compiler\c5500_4.4.1\lib\</path>
         <kind>archive</kind>
         <file>rts55x.lib</file>
         <name>boot.obj</name>
      </input_file>
      <input_file id="fl-9">
         <path>C:\ti\ccs1210\ccs\tools\compiler\c5500_4.4.1\lib\</path>
         <kind>archive</kind>
         <file>rts55x.lib</file>
         <name>divd.obj</name>
      </input_file>
      <input_file id="fl-a">
         <path>C:\ti\ccs1210\ccs\tools\compiler\c5500_4.4.1\lib\</path>
         <kind>archive</kind>
         <file>rts55x.lib</file>
         <name>exit.obj</name>
      </input_file>
      <input_file id="fl-b">
         <path>C:\ti\ccs1210\ccs\tools\compiler\c5500_4.4.1\lib\</path>
         <kind>archive</kind>
         <file>rts55x.lib</file>
         <name>fclose.obj</name>
      </input_file>
      <input_file id="fl-c">
         <path>C:\ti\ccs1210\ccs\tools\compiler\c5500_4.4.1\lib\</path>
         <kind>archive</kind>
         <file>rts55x.lib</file>
         <name>fflush.obj</name>
      </input_file>
      <input_file id="fl-d">
         <path>C:\ti\ccs1210\ccs\tools\compiler\c5500_4.4.1\lib\</path>
         <kind>archive</kind>
         <file>rts55x.lib</file>
         <name>fixdi.obj</name>
      </input_file>
      <input_file id="fl-e">
         <path>C:\ti\ccs1210\ccs\tools\compiler\c5500_4.4.1\lib\</path>
         <kind>archive</kind>
         <file>rts55x.lib</file>
         <name>fixdli.obj</name>
      </input_file>
      <input_file id="fl-f">
         <path>C:\ti\ccs1210\ccs\tools\compiler\c5500_4.4.1\lib\</path>
         <kind>archive</kind>
         <file>rts55x.lib</file>
         <name>floor.obj</name>
      </input_file>
      <input_file id="fl-10">
         <path>C:\ti\ccs1210\ccs\tools\compiler\c5500_4.4.1\lib\</path>
         <kind>archive</kind>
         <file>rts55x.lib</file>
         <name>fltid.obj</name>
      </input_file>
      <input_file id="fl-11">
         <path>C:\ti\ccs1210\ccs\tools\compiler\c5500_4.4.1\lib\</path>
         <kind>archive</kind>
         <file>rts55x.lib</file>
         <name>fltlid.obj</name>
      </input_file>
      <input_file id="fl-12">
         <path>C:\ti\ccs1210\ccs\tools\compiler\c5500_4.4.1\lib\</path>
         <kind>archive</kind>
         <file>rts55x.lib</file>
         <name>fopen.obj</name>
      </input_file>
      <input_file id="fl-13">
         <path>C:\ti\ccs1210\ccs\tools\compiler\c5500_4.4.1\lib\</path>
         <kind>archive</kind>
         <file>rts55x.lib</file>
         <name>frcmpyd_div.obj</name>
      </input_file>
      <input_file id="fl-14">
         <path>C:\ti\ccs1210\ccs\tools\compiler\c5500_4.4.1\lib\</path>
         <kind>archive</kind>
         <file>rts55x.lib</file>
         <name>fread.obj</name>
      </input_file>
      <input_file id="fl-15">
         <path>C:\ti\ccs1210\ccs\tools\compiler\c5500_4.4.1\lib\</path>
         <kind>archive</kind>
         <file>rts55x.lib</file>
         <name>fscanf.obj</name>
      </input_file>
      <input_file id="fl-16">
         <path>C:\ti\ccs1210\ccs\tools\compiler\c5500_4.4.1\lib\</path>
         <kind>archive</kind>
         <file>rts55x.lib</file>
         <name>fwrite.obj</name>
      </input_file>
      <input_file id="fl-17">
         <path>C:\ti\ccs1210\ccs\tools\compiler\c5500_4.4.1\lib\</path>
         <kind>archive</kind>
         <file>rts55x.lib</file>
         <name>lmpy.obj</name>
      </input_file>
      <input_file id="fl-18">
         <path>C:\ti\ccs1210\ccs\tools\compiler\c5500_4.4.1\lib\</path>
         <kind>archive</kind>
         <file>rts55x.lib</file>
         <name>lowlev.obj</name>
      </input_file>
      <input_file id="fl-19">
         <path>C:\ti\ccs1210\ccs\tools\compiler\c5500_4.4.1\lib\</path>
         <kind>archive</kind>
         <file>rts55x.lib</file>
         <name>memcpy.obj</name>
      </input_file>
      <input_file id="fl-1a">
         <path>C:\ti\ccs1210\ccs\tools\compiler\c5500_4.4.1\lib\</path>
         <kind>archive</kind>
         <file>rts55x.lib</file>
         <name>memory.obj</name>
      </input_file>
      <input_file id="fl-1b">
         <path>C:\ti\ccs1210\ccs\tools\compiler\c5500_4.4.1\lib\</path>
         <kind>archive</kind>
         <file>rts55x.lib</file>
         <name>modf.obj</name>
      </input_file>
      <input_file id="fl-1c">
         <path>C:\ti\ccs1210\ccs\tools\compiler\c5500_4.4.1\lib\</path>
         <kind>archive</kind>
         <file>rts55x.lib</file>
         <name>mpyd.obj</name>
      </input_file>
      <input_file id="fl-1d">
         <path>C:\ti\ccs1210\ccs\tools\compiler\c5500_4.4.1\lib\</path>
         <kind>archive</kind>
         <file>rts55x.lib</file>
         <name>negd.obj</name>
      </input_file>
      <input_file id="fl-1e">
         <path>C:\ti\ccs1210\ccs\tools\compiler\c5500_4.4.1\lib\</path>
         <kind>archive</kind>
         <file>rts55x.lib</file>
         <name>printf.obj</name>
      </input_file>
      <input_file id="fl-1f">
         <path>C:\ti\ccs1210\ccs\tools\compiler\c5500_4.4.1\lib\</path>
         <kind>archive</kind>
         <file>rts55x.lib</file>
         <name>remove.obj</name>
      </input_file>
      <input_file id="fl-20">
         <path>C:\ti\ccs1210\ccs\tools\compiler\c5500_4.4.1\lib\</path>
         <kind>archive</kind>
         <file>rts55x.lib</file>
         <name>rewind.obj</name>
      </input_file>
      <input_file id="fl-21">
         <path>C:\ti\ccs1210\ccs\tools\compiler\c5500_4.4.1\lib\</path>
         <kind>archive</kind>
         <file>rts55x.lib</file>
         <name>round.obj</name>
      </input_file>
      <input_file id="fl-22">
         <path>C:\ti\ccs1210\ccs\tools\compiler\c5500_4.4.1\lib\</path>
         <kind>archive</kind>
         <file>rts55x.lib</file>
         <name>sin.obj</name>
      </input_file>
      <input_file id="fl-23">
         <path>C:\ti\ccs1210\ccs\tools\compiler\c5500_4.4.1\lib\</path>
         <kind>archive</kind>
         <file>rts55x.lib</file>
         <name>subd.obj</name>
      </input_file>
      <input_file id="fl-24">
         <path>C:\ti\ccs1210\ccs\tools\compiler\c5500_4.4.1\lib\</path>
         <kind>archive</kind>
         <file>rts55x.lib</file>
         <name>trgdrv.obj</name>
      </input_file>
      <input_file id="fl-25">
         <path>C:\ti\ccs1210\ccs\tools\compiler\c5500_4.4.1\lib\</path>
         <kind>archive</kind>
         <file>rts55x.lib</file>
         <name>trgmsg.obj</name>
      </input_file>
      <input_file id="fl-26">
         <path>C:\ti\ccs1210\ccs\tools\compiler\c5500_4.4.1\lib\</path>
         <kind>archive</kind>
         <file>rts55x.lib</file>
         <name>trunc.obj</name>
      </input_file>
      <input_file id="fl-27">
         <path>C:\ti\ccs1210\ccs\tools\compiler\c5500_4.4.1\lib\</path>
         <kind>archive</kind>
         <file>rts55x.lib</file>
         <name>udiv.obj</name>
      </input_file>
      <input_file id="fl-28">
         <path>C:\ti\ccs1210\ccs\tools\compiler\c5500_4.4.1\lib\</path>
         <kind>archive</kind>
         <file>rts55x.lib</file>
         <name>ungetc.obj</name>
      </input_file>
      <input_file id="fl-29">
         <path>C:\ti\ccs1210\ccs\tools\compiler\c5500_4.4.1\lib\</path>
         <kind>archive</kind>
         <file>rts55x.lib</file>
         <name>vectors.obj</name>
      </input_file>
      <input_file id="fl-2a">
         <path>C:\ti\ccs1210\ccs\tools\compiler\c5500_4.4.1\lib\</path>
         <kind>archive</kind>
         <file>rts55x.lib</file>
         <name>_bufread.obj</name>
      </input_file>
      <input_file id="fl-2b">
         <path>C:\ti\ccs1210\ccs\tools\compiler\c5500_4.4.1\lib\</path>
         <kind>archive</kind>
         <file>rts55x.lib</file>
         <name>_io_perm.obj</name>
      </input_file>
      <input_file id="fl-2c">
         <path>C:\ti\ccs1210\ccs\tools\compiler\c5500_4.4.1\lib\</path>
         <kind>archive</kind>
         <file>rts55x.lib</file>
         <name>_lock.obj</name>
      </input_file>
      <input_file id="fl-2d">
         <path>C:\ti\ccs1210\ccs\tools\compiler\c5500_4.4.1\lib\</path>
         <kind>archive</kind>
         <file>rts55x.lib</file>
         <name>_printfi.obj</name>
      </input_file>
      <input_file id="fl-2e">
         <path>C:\ti\ccs1210\ccs\tools\compiler\c5500_4.4.1\lib\</path>
         <kind>archive</kind>
         <file>rts55x.lib</file>
         <name>_scanfi.obj</name>
      </input_file>
      <input_file id="fl-2f">
         <path>C:\ti\ccs1210\ccs\tools\compiler\c5500_4.4.1\lib\</path>
         <kind>archive</kind>
         <file>rts55x.lib</file>
         <name>args_main.obj</name>
      </input_file>
      <input_file id="fl-30">
         <path>C:\ti\ccs1210\ccs\tools\compiler\c5500_4.4.1\lib\</path>
         <kind>archive</kind>
         <file>rts55x.lib</file>
         <name>atoi.obj</name>
      </input_file>
      <input_file id="fl-31">
         <path>C:\ti\ccs1210\ccs\tools\compiler\c5500_4.4.1\lib\</path>
         <kind>archive</kind>
         <file>rts55x.lib</file>
         <name>autoinit.obj</name>
      </input_file>
      <input_file id="fl-32">
         <path>C:\ti\ccs1210\ccs\tools\compiler\c5500_4.4.1\lib\</path>
         <kind>archive</kind>
         <file>rts55x.lib</file>
         <name>cmpd.obj</name>
      </input_file>
      <input_file id="fl-33">
         <path>C:\ti\ccs1210\ccs\tools\compiler\c5500_4.4.1\lib\</path>
         <kind>archive</kind>
         <file>rts55x.lib</file>
         <name>ctype.obj</name>
      </input_file>
      <input_file id="fl-34">
         <path>C:\ti\ccs1210\ccs\tools\compiler\c5500_4.4.1\lib\</path>
         <kind>archive</kind>
         <file>rts55x.lib</file>
         <name>defs.obj</name>
      </input_file>
      <input_file id="fl-35">
         <path>C:\ti\ccs1210\ccs\tools\compiler\c5500_4.4.1\lib\</path>
         <kind>archive</kind>
         <file>rts55x.lib</file>
         <name>divul.obj</name>
      </input_file>
      <input_file id="fl-36">
         <path>C:\ti\ccs1210\ccs\tools\compiler\c5500_4.4.1\lib\</path>
         <kind>archive</kind>
         <file>rts55x.lib</file>
         <name>fgetc.obj</name>
      </input_file>
      <input_file id="fl-37">
         <path>C:\ti\ccs1210\ccs\tools\compiler\c5500_4.4.1\lib\</path>
         <kind>archive</kind>
         <file>rts55x.lib</file>
         <name>fputc.obj</name>
      </input_file>
      <input_file id="fl-38">
         <path>C:\ti\ccs1210\ccs\tools\compiler\c5500_4.4.1\lib\</path>
         <kind>archive</kind>
         <file>rts55x.lib</file>
         <name>fputs.obj</name>
      </input_file>
      <input_file id="fl-39">
         <path>C:\ti\ccs1210\ccs\tools\compiler\c5500_4.4.1\lib\</path>
         <kind>archive</kind>
         <file>rts55x.lib</file>
         <name>frcmpyd.obj</name>
      </input_file>
      <input_file id="fl-3a">
         <path>C:\ti\ccs1210\ccs\tools\compiler\c5500_4.4.1\lib\</path>
         <kind>archive</kind>
         <file>rts55x.lib</file>
         <name>fseek.obj</name>
      </input_file>
      <input_file id="fl-3b">
         <path>C:\ti\ccs1210\ccs\tools\compiler\c5500_4.4.1\lib\</path>
         <kind>archive</kind>
         <file>rts55x.lib</file>
         <name>isinf.obj</name>
      </input_file>
      <input_file id="fl-3c">
         <path>C:\ti\ccs1210\ccs\tools\compiler\c5500_4.4.1\lib\</path>
         <kind>archive</kind>
         <file>rts55x.lib</file>
         <name>llmpy.obj</name>
      </input_file>
      <input_file id="fl-3d">
         <path>C:\ti\ccs1210\ccs\tools\compiler\c5500_4.4.1\lib\</path>
         <kind>archive</kind>
         <file>rts55x.lib</file>
         <name>ltoa.obj</name>
      </input_file>
      <input_file id="fl-3e">
         <path>C:\ti\ccs1210\ccs\tools\compiler\c5500_4.4.1\lib\</path>
         <kind>archive</kind>
         <file>rts55x.lib</file>
         <name>memccpy.obj</name>
      </input_file>
      <input_file id="fl-3f">
         <path>C:\ti\ccs1210\ccs\tools\compiler\c5500_4.4.1\lib\</path>
         <kind>archive</kind>
         <file>rts55x.lib</file>
         <name>remli.obj</name>
      </input_file>
      <input_file id="fl-40">
         <path>C:\ti\ccs1210\ccs\tools\compiler\c5500_4.4.1\lib\</path>
         <kind>archive</kind>
         <file>rts55x.lib</file>
         <name>remul.obj</name>
      </input_file>
      <input_file id="fl-41">
         <path>C:\ti\ccs1210\ccs\tools\compiler\c5500_4.4.1\lib\</path>
         <kind>archive</kind>
         <file>rts55x.lib</file>
         <name>setvbuf.obj</name>
      </input_file>
      <input_file id="fl-42">
         <path>C:\ti\ccs1210\ccs\tools\compiler\c5500_4.4.1\lib\</path>
         <kind>archive</kind>
         <file>rts55x.lib</file>
         <name>strtod.obj</name>
      </input_file>
      <input_file id="fl-43">
         <path>C:\ti\ccs1210\ccs\tools\compiler\c5500_4.4.1\lib\</path>
         <kind>archive</kind>
         <file>rts55x.lib</file>
         <name>strtol.obj</name>
      </input_file>
      <input_file id="fl-44">
         <path>C:\ti\ccs1210\ccs\tools\compiler\c5500_4.4.1\lib\</path>
         <kind>archive</kind>
         <file>rts55x.lib</file>
         <name>strtold.obj</name>
      </input_file>
      <input_file id="fl-45">
         <path>C:\ti\ccs1210\ccs\tools\compiler\c5500_4.4.1\lib\</path>
         <kind>archive</kind>
         <file>rts55x.lib</file>
         <name>strtoll.obj</name>
      </input_file>
      <input_file id="fl-46">
         <path>C:\ti\ccs1210\ccs\tools\compiler\c5500_4.4.1\lib\</path>
         <kind>archive</kind>
         <file>rts55x.lib</file>
         <name>strtoul.obj</name>
      </input_file>
      <input_file id="fl-47">
         <path>C:\ti\ccs1210\ccs\tools\compiler\c5500_4.4.1\lib\</path>
         <kind>archive</kind>
         <file>rts55x.lib</file>
         <name>strtoull.obj</name>
      </input_file>
      <input_file id="fl-48">
         <path>C:\ti\ccs1210\ccs\tools\compiler\c5500_4.4.1\lib\</path>
         <kind>archive</kind>
         <file>rts55x.lib</file>
         <name>divli.obj</name>
      </input_file>
      <input_file id="fl-49">
         <path>C:\ti\ccs1210\ccs\tools\compiler\c5500_4.4.1\lib\</path>
         <kind>archive</kind>
         <file>rts55x.lib</file>
         <name>errno.obj</name>
      </input_file>
      <input_file id="fl-4a">
         <path>C:\ti\ccs1210\ccs\tools\compiler\c5500_4.4.1\lib\</path>
         <kind>archive</kind>
         <file>rts55x.lib</file>
         <name>idiv.obj</name>
      </input_file>
   </input_file_list>
   <object_component_list>
      <object_component id="oc-d2">
         <name>.text</name>
         <load_address>0x300</load_address>
         <run_address>0x300</run_address>
         <size>0x15a4</size>
         <input_file_ref idref="fl-2d"/>
      </object_component>
      <object_component id="oc-d8">
         <name>.text</name>
         <load_address>0x18a4</load_address>
         <run_address>0x18a4</run_address>
         <size>0xedb</size>
         <input_file_ref idref="fl-2e"/>
      </object_component>
      <object_component id="oc-6e">
         <name>.text</name>
         <load_address>0x277f</load_address>
         <run_address>0x277f</run_address>
         <size>0x543</size>
         <input_file_ref idref="fl-18"/>
      </object_component>
      <object_component id="oc-a8">
         <name>.text</name>
         <load_address>0x2cc2</load_address>
         <run_address>0x2cc2</run_address>
         <size>0x528</size>
         <input_file_ref idref="fl-24"/>
      </object_component>
      <object_component id="oc-78">
         <name>.text</name>
         <load_address>0x31ea</load_address>
         <run_address>0x31ea</run_address>
         <size>0x4b5</size>
         <input_file_ref idref="fl-1a"/>
      </object_component>
      <object_component id="oc-2b">
         <name>.text</name>
         <load_address>0x369f</load_address>
         <run_address>0x369f</run_address>
         <size>0x3cc</size>
         <input_file_ref idref="fl-9"/>
      </object_component>
      <object_component id="oc-14">
         <name>.text</name>
         <load_address>0x3a6b</load_address>
         <run_address>0x3a6b</run_address>
         <size>0x39c</size>
         <input_file_ref idref="fl-2"/>
      </object_component>
      <object_component id="oc-135">
         <name>.text</name>
         <load_address>0x3e07</load_address>
         <run_address>0x3e07</run_address>
         <size>0x301</size>
         <input_file_ref idref="fl-45"/>
      </object_component>
      <object_component id="oc-127">
         <name>.text</name>
         <load_address>0x4108</load_address>
         <run_address>0x4108</run_address>
         <size>0x2bd</size>
         <input_file_ref idref="fl-42"/>
      </object_component>
      <object_component id="oc-130">
         <name>.text</name>
         <load_address>0x43c5</load_address>
         <run_address>0x43c5</run_address>
         <size>0x29f</size>
         <input_file_ref idref="fl-44"/>
      </object_component>
      <object_component id="oc-54">
         <name>.text</name>
         <load_address>0x4664</load_address>
         <run_address>0x4664</run_address>
         <size>0x27f</size>
         <input_file_ref idref="fl-12"/>
      </object_component>
      <object_component id="oc-10f">
         <name>.text</name>
         <load_address>0x48e3</load_address>
         <run_address>0x48e3</run_address>
         <size>0x25e</size>
         <input_file_ref idref="fl-3c"/>
      </object_component>
      <object_component id="oc-23">
         <name>.text</name>
         <load_address>0x4b41</load_address>
         <run_address>0x4b41</run_address>
         <size>0x25a</size>
         <input_file_ref idref="fl-7"/>
      </object_component>
      <object_component id="oc-13d">
         <name>.text</name>
         <load_address>0x4d9b</load_address>
         <run_address>0x4d9b</run_address>
         <size>0x24b</size>
         <input_file_ref idref="fl-47"/>
      </object_component>
      <object_component id="oc-1c">
         <name>.text</name>
         <load_address>0x4fe6</load_address>
         <run_address>0x4fe6</run_address>
         <size>0x20e</size>
         <input_file_ref idref="fl-3"/>
      </object_component>
      <object_component id="oc-12c">
         <name>.text</name>
         <load_address>0x51f4</load_address>
         <run_address>0x51f4</run_address>
         <size>0x208</size>
         <input_file_ref idref="fl-43"/>
      </object_component>
      <object_component id="oc-9d">
         <name>.text</name>
         <load_address>0x53fc</load_address>
         <run_address>0x53fc</run_address>
         <size>0x1f2</size>
         <input_file_ref idref="fl-22"/>
      </object_component>
      <object_component id="oc-66">
         <name>.text</name>
         <load_address>0x55ee</load_address>
         <run_address>0x55ee</run_address>
         <size>0x1ee</size>
         <input_file_ref idref="fl-16"/>
      </object_component>
      <object_component id="oc-e8">
         <name>.text</name>
         <load_address>0x57dc</load_address>
         <run_address>0x57dc</run_address>
         <size>0x1ea</size>
         <input_file_ref idref="fl-32"/>
      </object_component>
      <object_component id="oc-139">
         <name>.text</name>
         <load_address>0x59c6</load_address>
         <run_address>0x59c6</run_address>
         <size>0x1d1</size>
         <input_file_ref idref="fl-46"/>
      </object_component>
      <object_component id="oc-fe">
         <name>.text</name>
         <load_address>0x5b97</load_address>
         <run_address>0x5b97</run_address>
         <size>0x163</size>
         <input_file_ref idref="fl-38"/>
      </object_component>
      <object_component id="oc-62">
         <name>.text</name>
         <load_address>0x5cfa</load_address>
         <run_address>0x5cfa</run_address>
         <size>0x161</size>
         <input_file_ref idref="fl-15"/>
      </object_component>
      <object_component id="oc-84">
         <name>.text</name>
         <load_address>0x5e5b</load_address>
         <run_address>0x5e5b</run_address>
         <size>0x14c</size>
         <input_file_ref idref="fl-1c"/>
      </object_component>
      <object_component id="oc-5e">
         <name>.text</name>
         <load_address>0x5fa7</load_address>
         <run_address>0x5fa7</run_address>
         <size>0x10f</size>
         <input_file_ref idref="fl-14"/>
      </object_component>
      <object_component id="oc-123">
         <name>.text</name>
         <load_address>0x60b6</load_address>
         <run_address>0x60b6</run_address>
         <size>0xe6</size>
         <input_file_ref idref="fl-41"/>
      </object_component>
      <object_component id="oc-c8">
         <name>.text</name>
         <load_address>0x619c</load_address>
         <run_address>0x619c</run_address>
         <size>0xdd</size>
         <input_file_ref idref="fl-2b"/>
      </object_component>
      <object_component id="oc-3a">
         <name>.text</name>
         <load_address>0x6279</load_address>
         <run_address>0x6279</run_address>
         <size>0xc2</size>
         <input_file_ref idref="fl-c"/>
      </object_component>
      <object_component id="oc-7f">
         <name>.text</name>
         <load_address>0x633b</load_address>
         <run_address>0x633b</run_address>
         <size>0xbf</size>
         <input_file_ref idref="fl-1b"/>
      </object_component>
      <object_component id="oc-b0">
         <name>.text:CIO_breakpoint</name>
         <load_address>0x63fa</load_address>
         <run_address>0x63fa</run_address>
         <size>0xba</size>
         <input_file_ref idref="fl-25"/>
      </object_component>
      <object_component id="oc-c4">
         <name>.text</name>
         <load_address>0x64b4</load_address>
         <run_address>0x64b4</run_address>
         <size>0xae</size>
         <input_file_ref idref="fl-2a"/>
      </object_component>
      <object_component id="oc-fa">
         <name>.text</name>
         <load_address>0x6562</load_address>
         <run_address>0x6562</run_address>
         <size>0xa6</size>
         <input_file_ref idref="fl-37"/>
      </object_component>
      <object_component id="oc-46">
         <name>.text</name>
         <load_address>0x6608</load_address>
         <run_address>0x6608</run_address>
         <size>0xa2</size>
         <input_file_ref idref="fl-f"/>
      </object_component>
      <object_component id="oc-f2">
         <name>.text</name>
         <load_address>0x66aa</load_address>
         <run_address>0x66aa</run_address>
         <size>0xa1</size>
         <input_file_ref idref="fl-35"/>
      </object_component>
      <object_component id="oc-f6">
         <name>.text</name>
         <load_address>0x674b</load_address>
         <run_address>0x674b</run_address>
         <size>0x9b</size>
         <input_file_ref idref="fl-36"/>
      </object_component>
      <object_component id="oc-bc">
         <name>.text</name>
         <load_address>0x67e6</load_address>
         <run_address>0x67e6</run_address>
         <size>0x9a</size>
         <input_file_ref idref="fl-28"/>
      </object_component>
      <object_component id="oc-113">
         <name>.text</name>
         <load_address>0x6880</load_address>
         <run_address>0x6880</run_address>
         <size>0x7d</size>
         <input_file_ref idref="fl-3d"/>
      </object_component>
      <object_component id="oc-36">
         <name>.text</name>
         <load_address>0x68fd</load_address>
         <run_address>0x68fd</run_address>
         <size>0x7b</size>
         <input_file_ref idref="fl-b"/>
      </object_component>
      <object_component id="oc-103">
         <name>.text</name>
         <load_address>0x6978</load_address>
         <run_address>0x6978</run_address>
         <size>0x76</size>
         <input_file_ref idref="fl-39"/>
      </object_component>
      <object_component id="oc-5a">
         <name>.text</name>
         <load_address>0x69ee</load_address>
         <run_address>0x69ee</run_address>
         <size>0x73</size>
         <input_file_ref idref="fl-13"/>
      </object_component>
      <object_component id="oc-11f">
         <name>.text</name>
         <load_address>0x6a61</load_address>
         <run_address>0x6a61</run_address>
         <size>0x72</size>
         <input_file_ref idref="fl-40"/>
      </object_component>
      <object_component id="oc-42">
         <name>.text</name>
         <load_address>0x6ad3</load_address>
         <run_address>0x6ad3</run_address>
         <size>0x6f</size>
         <input_file_ref idref="fl-e"/>
      </object_component>
      <object_component id="oc-ad">
         <name>.text</name>
         <load_address>0x6b42</load_address>
         <run_address>0x6b42</run_address>
         <size>0x6d</size>
         <input_file_ref idref="fl-25"/>
      </object_component>
      <object_component id="oc-107">
         <name>.text</name>
         <load_address>0x6baf</load_address>
         <run_address>0x6baf</run_address>
         <size>0x6b</size>
         <input_file_ref idref="fl-3a"/>
      </object_component>
      <object_component id="oc-4f">
         <name>.text</name>
         <load_address>0x6c1a</load_address>
         <run_address>0x6c1a</run_address>
         <size>0x67</size>
         <input_file_ref idref="fl-11"/>
      </object_component>
      <object_component id="oc-98">
         <name>.text</name>
         <load_address>0x6c81</load_address>
         <run_address>0x6c81</run_address>
         <size>0x5f</size>
         <input_file_ref idref="fl-21"/>
      </object_component>
      <object_component id="oc-e0">
         <name>.text</name>
         <load_address>0x6ce0</load_address>
         <run_address>0x6ce0</run_address>
         <size>0x5c</size>
         <input_file_ref idref="fl-30"/>
      </object_component>
      <object_component id="oc-8c">
         <name>.text</name>
         <load_address>0x6d3c</load_address>
         <run_address>0x6d3c</run_address>
         <size>0x50</size>
         <input_file_ref idref="fl-1e"/>
      </object_component>
      <object_component id="oc-e4">
         <name>.text</name>
         <load_address>0x6d8c</load_address>
         <run_address>0x6d8c</run_address>
         <size>0x4d</size>
         <input_file_ref idref="fl-31"/>
      </object_component>
      <object_component id="oc-dc">
         <name>.text</name>
         <load_address>0x6dd9</load_address>
         <run_address>0x6dd9</run_address>
         <size>0x4b</size>
         <input_file_ref idref="fl-2f"/>
      </object_component>
      <object_component id="oc-11b">
         <name>.text</name>
         <load_address>0x6e24</load_address>
         <run_address>0x6e24</run_address>
         <size>0x4b</size>
         <input_file_ref idref="fl-3f"/>
      </object_component>
      <object_component id="oc-141">
         <name>.text</name>
         <load_address>0x6e6f</load_address>
         <run_address>0x6e6f</run_address>
         <size>0x48</size>
         <input_file_ref idref="fl-48"/>
      </object_component>
      <object_component id="oc-b3">
         <name>.text</name>
         <load_address>0x6eb7</load_address>
         <run_address>0x6eb7</run_address>
         <size>0x41</size>
         <input_file_ref idref="fl-26"/>
      </object_component>
      <object_component id="oc-74">
         <name>.text</name>
         <load_address>0x6ef8</load_address>
         <run_address>0x6ef8</run_address>
         <size>0x3f</size>
         <input_file_ref idref="fl-19"/>
      </object_component>
      <object_component id="oc-2f">
         <name>.text</name>
         <load_address>0x6f37</load_address>
         <run_address>0x6f37</run_address>
         <size>0x3e</size>
         <input_file_ref idref="fl-a"/>
      </object_component>
      <object_component id="oc-149">
         <name>.text</name>
         <load_address>0x6f75</load_address>
         <run_address>0x6f75</run_address>
         <size>0x3c</size>
         <input_file_ref idref="fl-4a"/>
      </object_component>
      <object_component id="oc-12">
         <name>.text</name>
         <load_address>0x6fb1</load_address>
         <run_address>0x6fb1</run_address>
         <size>0x34</size>
         <input_file_ref idref="fl-8"/>
      </object_component>
      <object_component id="oc-3e">
         <name>.text</name>
         <load_address>0x6fe5</load_address>
         <run_address>0x6fe5</run_address>
         <size>0x2a</size>
         <input_file_ref idref="fl-d"/>
      </object_component>
      <object_component id="oc-b8">
         <name>.text</name>
         <load_address>0x700f</load_address>
         <run_address>0x700f</run_address>
         <size>0x2a</size>
         <input_file_ref idref="fl-27"/>
      </object_component>
      <object_component id="oc-117">
         <name>.text</name>
         <load_address>0x7039</load_address>
         <run_address>0x7039</run_address>
         <size>0x23</size>
         <input_file_ref idref="fl-3e"/>
      </object_component>
      <object_component id="oc-10b">
         <name>.text</name>
         <load_address>0x705c</load_address>
         <run_address>0x705c</run_address>
         <size>0x1a</size>
         <input_file_ref idref="fl-3b"/>
      </object_component>
      <object_component id="oc-a4">
         <name>.text</name>
         <load_address>0x7076</load_address>
         <run_address>0x7076</run_address>
         <size>0x14</size>
         <input_file_ref idref="fl-23"/>
      </object_component>
      <object_component id="oc-6a">
         <name>.text</name>
         <load_address>0x708a</load_address>
         <run_address>0x708a</run_address>
         <size>0x13</size>
         <input_file_ref idref="fl-17"/>
      </object_component>
      <object_component id="oc-cc">
         <name>.text</name>
         <load_address>0x709d</load_address>
         <run_address>0x709d</run_address>
         <size>0x12</size>
         <input_file_ref idref="fl-2c"/>
      </object_component>
      <object_component id="oc-88">
         <name>.text</name>
         <load_address>0x70af</load_address>
         <run_address>0x70af</run_address>
         <size>0x10</size>
         <input_file_ref idref="fl-1d"/>
      </object_component>
      <object_component id="oc-94">
         <name>.text</name>
         <load_address>0x70bf</load_address>
         <run_address>0x70bf</run_address>
         <size>0xe</size>
         <input_file_ref idref="fl-20"/>
      </object_component>
      <object_component id="oc-4b">
         <name>.text</name>
         <load_address>0x70cd</load_address>
         <run_address>0x70cd</run_address>
         <size>0xc</size>
         <input_file_ref idref="fl-10"/>
      </object_component>
      <object_component id="oc-90">
         <name>.text</name>
         <load_address>0x70d9</load_address>
         <run_address>0x70d9</run_address>
         <size>0xa</size>
         <input_file_ref idref="fl-1f"/>
      </object_component>
      <object_component id="oc-33">
         <name>.text:CIO_breakpoint</name>
         <load_address>0x70e3</load_address>
         <run_address>0x70e3</run_address>
         <size>0x7</size>
         <input_file_ref idref="fl-a"/>
      </object_component>
      <object_component id="oc-c0">
         <name>.text</name>
         <load_address>0x70ea</load_address>
         <run_address>0x70ea</run_address>
         <size>0x2</size>
         <input_file_ref idref="fl-29"/>
      </object_component>
      <object_component id="oc-27">
         <name>.stack</name>
         <load_address>0x7100</load_address>
         <run_address>0x7100</run_address>
         <size>0x0</size>
         <input_file_ref idref="fl-8"/>
      </object_component>
      <object_component id="oc-16e">
         <name>.stack</name>
         <load_address>0x7100</load_address>
         <run_address>0x7100</run_address>
         <size>0x0</size>
      </object_component>
      <object_component id="oc-14d">
         <name>.sysstack</name>
         <load_address>0xca60</load_address>
         <run_address>0xca60</run_address>
         <size>0x0</size>
         <input_file_ref idref="fl-8"/>
      </object_component>
      <object_component id="oc-170">
         <name>.sysstack</name>
         <load_address>0xca60</load_address>
         <run_address>0xca60</run_address>
         <size>0x0</size>
      </object_component>
      <object_component id="oc-15">
         <name>.bss</name>
         <load_address>0xb100</load_address>
         <run_address>0xb100</run_address>
         <size>0x146c</size>
         <input_file_ref idref="fl-2"/>
      </object_component>
      <object_component id="oc-ee">
         <name>.bss</name>
         <load_address>0xc56c</load_address>
         <run_address>0xc56c</run_address>
         <size>0x232</size>
         <input_file_ref idref="fl-34"/>
      </object_component>
      <object_component id="oc-a9">
         <name>.bss</name>
         <load_address>0xc79e</load_address>
         <run_address>0xc79e</run_address>
         <size>0x1a0</size>
         <input_file_ref idref="fl-24"/>
      </object_component>
      <object_component id="oc-145">
         <name>.bss</name>
         <load_address>0xc93e</load_address>
         <run_address>0xc93e</run_address>
         <size>0x2</size>
         <input_file_ref idref="fl-49"/>
      </object_component>
      <object_component id="oc-6f">
         <name>.bss</name>
         <load_address>0xc940</load_address>
         <run_address>0xc940</run_address>
         <size>0xe2</size>
         <input_file_ref idref="fl-18"/>
      </object_component>
      <object_component id="oc-55">
         <name>.bss</name>
         <load_address>0xca22</load_address>
         <run_address>0xca22</run_address>
         <size>0x2</size>
         <input_file_ref idref="fl-12"/>
      </object_component>
      <object_component id="oc-9e">
         <name>.bss</name>
         <load_address>0xca24</load_address>
         <run_address>0xca24</run_address>
         <size>0x10</size>
         <input_file_ref idref="fl-22"/>
      </object_component>
      <object_component id="oc-79">
         <name>.bss</name>
         <load_address>0xca34</load_address>
         <run_address>0xca34</run_address>
         <size>0xc</size>
         <input_file_ref idref="fl-1a"/>
      </object_component>
      <object_component id="oc-cd">
         <name>.bss</name>
         <load_address>0xca40</load_address>
         <run_address>0xca40</run_address>
         <size>0x8</size>
         <input_file_ref idref="fl-2c"/>
      </object_component>
      <object_component id="oc-30">
         <name>.bss</name>
         <load_address>0xca48</load_address>
         <run_address>0xca48</run_address>
         <size>0x8</size>
         <input_file_ref idref="fl-a"/>
      </object_component>
      <object_component id="oc-18">
         <name>.const:.string</name>
         <load_address>0xda60</load_address>
         <run_address>0xda60</run_address>
         <size>0x280</size>
         <input_file_ref idref="fl-2"/>
      </object_component>
      <object_component id="oc-14f">
         <name>.const:__ctypes_</name>
         <load_address>0xdce0</load_address>
         <run_address>0xdce0</run_address>
         <size>0x202</size>
         <input_file_ref idref="fl-33"/>
      </object_component>
      <object_component id="oc-1f">
         <name>.const:.string</name>
         <load_address>0xdee4</load_address>
         <run_address>0xdee4</run_address>
         <size>0x54</size>
         <input_file_ref idref="fl-3"/>
      </object_component>
      <object_component id="oc-d5">
         <name>.const:.string</name>
         <load_address>0xdf38</load_address>
         <run_address>0xdf38</run_address>
         <size>0x48</size>
         <input_file_ref idref="fl-2d"/>
      </object_component>
      <object_component id="oc-152">
         <name>.const:_digits</name>
         <load_address>0xdf80</load_address>
         <run_address>0xdf80</run_address>
         <size>0x28</size>
         <input_file_ref idref="fl-42"/>
      </object_component>
      <object_component id="oc-154">
         <name>.const:_digits</name>
         <load_address>0xdfa8</load_address>
         <run_address>0xdfa8</run_address>
         <size>0x28</size>
         <input_file_ref idref="fl-44"/>
      </object_component>
      <object_component id="oc-a1">
         <name>.const</name>
         <load_address>0xdfd0</load_address>
         <run_address>0xdfd0</run_address>
         <size>0x28</size>
         <input_file_ref idref="fl-22"/>
      </object_component>
      <object_component id="oc-153">
         <name>.const:_powerof10</name>
         <load_address>0xdff8</load_address>
         <run_address>0xdff8</run_address>
         <size>0x18</size>
         <input_file_ref idref="fl-42"/>
      </object_component>
      <object_component id="oc-155">
         <name>.const:_powerof10</name>
         <load_address>0xe010</load_address>
         <run_address>0xe010</run_address>
         <size>0x18</size>
         <input_file_ref idref="fl-44"/>
      </object_component>
      <object_component id="oc-d4">
         <name>.const</name>
         <load_address>0xe028</load_address>
         <run_address>0xe028</run_address>
         <size>0x18</size>
         <input_file_ref idref="fl-2d"/>
      </object_component>
      <object_component id="oc-1e">
         <name>.const</name>
         <load_address>0xe040</load_address>
         <run_address>0xe040</run_address>
         <size>0x18</size>
         <input_file_ref idref="fl-3"/>
      </object_component>
      <object_component id="oc-14e">
         <name>.const:_initial_approx$1</name>
         <load_address>0xe058</load_address>
         <run_address>0xe058</run_address>
         <size>0x10</size>
         <input_file_ref idref="fl-9"/>
      </object_component>
      <object_component id="oc-48">
         <name>.const</name>
         <load_address>0xe068</load_address>
         <run_address>0xe068</run_address>
         <size>0x10</size>
         <input_file_ref idref="fl-f"/>
      </object_component>
      <object_component id="oc-9a">
         <name>.const</name>
         <load_address>0xe078</load_address>
         <run_address>0xe078</run_address>
         <size>0x10</size>
         <input_file_ref idref="fl-21"/>
      </object_component>
      <object_component id="oc-129">
         <name>.const</name>
         <load_address>0xe088</load_address>
         <run_address>0xe088</run_address>
         <size>0x10</size>
         <input_file_ref idref="fl-42"/>
      </object_component>
      <object_component id="oc-132">
         <name>.const</name>
         <load_address>0xe098</load_address>
         <run_address>0xe098</run_address>
         <size>0x10</size>
         <input_file_ref idref="fl-44"/>
      </object_component>
      <object_component id="oc-150">
         <name>.const:_flit$1</name>
         <load_address>0xe0a8</load_address>
         <run_address>0xe0a8</run_address>
         <size>0xe</size>
         <input_file_ref idref="fl-2e"/>
      </object_component>
      <object_component id="oc-151">
         <name>.const:_barr$2</name>
         <load_address>0xe0b6</load_address>
         <run_address>0xe0b6</run_address>
         <size>0xc</size>
         <input_file_ref idref="fl-2e"/>
      </object_component>
      <object_component id="oc-81">
         <name>.const</name>
         <load_address>0xe0c4</load_address>
         <run_address>0xe0c4</run_address>
         <size>0xc</size>
         <input_file_ref idref="fl-1b"/>
      </object_component>
      <object_component id="oc-b5">
         <name>.const</name>
         <load_address>0xe0d0</load_address>
         <run_address>0xe0d0</run_address>
         <size>0x8</size>
         <input_file_ref idref="fl-26"/>
      </object_component>
      <object_component id="oc-100">
         <name>.const:.string</name>
         <load_address>0xe0d8</load_address>
         <run_address>0xe0d8</run_address>
         <size>0x4</size>
         <input_file_ref idref="fl-38"/>
      </object_component>
      <object_component id="oc-17">
         <name>.const</name>
         <load_address>0xe0dc</load_address>
         <run_address>0xe0dc</run_address>
         <size>0x4</size>
         <input_file_ref idref="fl-2"/>
      </object_component>
      <object_component id="oc-51">
         <name>.const</name>
         <load_address>0xe0e0</load_address>
         <run_address>0xe0e0</run_address>
         <size>0x4</size>
         <input_file_ref idref="fl-11"/>
      </object_component>
      <object_component id="oc-7c">
         <name>.sysmem</name>
         <uninitialized>true</uninitialized>
         <run_address>0x9100</run_address>
         <size>0x0</size>
         <input_file_ref idref="fl-1a"/>
      </object_component>
      <object_component id="oc-16f">
         <name>.sysmem</name>
         <uninitialized>true</uninitialized>
         <run_address>0x9100</run_address>
         <size>0x0</size>
      </object_component>
      <object_component id="oc-71">
         <name>.cinit</name>
         <load_address>0xe340</load_address>
         <run_address>0xe340</run_address>
         <size>0x5a</size>
         <input_file_ref idref="fl-18"/>
      </object_component>
      <object_component id="oc-f0">
         <name>.cinit</name>
         <load_address>0xe39a</load_address>
         <run_address>0xe39a</run_address>
         <size>0x54</size>
         <input_file_ref idref="fl-34"/>
      </object_component>
      <object_component id="oc-a0">
         <name>.cinit</name>
         <load_address>0xe3ee</load_address>
         <run_address>0xe3ee</run_address>
         <size>0x16</size>
         <input_file_ref idref="fl-22"/>
      </object_component>
      <object_component id="oc-cf">
         <name>.cinit</name>
         <load_address>0xe404</load_address>
         <run_address>0xe404</run_address>
         <size>0x14</size>
         <input_file_ref idref="fl-2c"/>
      </object_component>
      <object_component id="oc-32">
         <name>.cinit</name>
         <load_address>0xe418</load_address>
         <run_address>0xe418</run_address>
         <size>0x14</size>
         <input_file_ref idref="fl-a"/>
      </object_component>
      <object_component id="oc-147">
         <name>.cinit</name>
         <load_address>0xe42c</load_address>
         <run_address>0xe42c</run_address>
         <size>0x8</size>
         <input_file_ref idref="fl-49"/>
      </object_component>
      <object_component id="oc-57">
         <name>.cinit</name>
         <load_address>0xe434</load_address>
         <run_address>0xe434</run_address>
         <size>0x8</size>
         <input_file_ref idref="fl-12"/>
      </object_component>
      <object_component id="oc-7b">
         <name>.cinit</name>
         <load_address>0xe43c</load_address>
         <run_address>0xe43c</run_address>
         <size>0x8</size>
         <input_file_ref idref="fl-1a"/>
      </object_component>
      <object_component id="oc-af">
         <name>.cio</name>
         <load_address>0xe100</load_address>
         <run_address>0xe100</run_address>
         <size>0x240</size>
         <input_file_ref idref="fl-25"/>
      </object_component>
      <object_component id="oc-13">
         <name>vectors</name>
         <load_address>0xfe00</load_address>
         <run_address>0xfe00</run_address>
         <size>0x100</size>
         <input_file_ref idref="fl-29"/>
      </object_component>
      <object_component id="oc-16">
         <name>.debug_info</name>
         <load_address>0x0</load_address>
         <run_address>0x0</run_address>
         <size>0xc53</size>
         <input_file_ref idref="fl-2"/>
      </object_component>
      <object_component id="oc-1d">
         <name>.debug_info</name>
         <load_address>0xc53</load_address>
         <run_address>0xc53</run_address>
         <size>0xa23</size>
         <input_file_ref idref="fl-3"/>
      </object_component>
      <object_component id="oc-24">
         <name>.debug_info</name>
         <load_address>0x1676</load_address>
         <run_address>0x1676</run_address>
         <size>0x5ab</size>
         <input_file_ref idref="fl-7"/>
      </object_component>
      <object_component id="oc-28">
         <name>.debug_info</name>
         <load_address>0x1c21</load_address>
         <run_address>0x1c21</run_address>
         <size>0xe8</size>
         <input_file_ref idref="fl-8"/>
      </object_component>
      <object_component id="oc-2c">
         <name>.debug_info</name>
         <load_address>0x1d09</load_address>
         <run_address>0x1d09</run_address>
         <size>0x7e8</size>
         <input_file_ref idref="fl-9"/>
      </object_component>
      <object_component id="oc-31">
         <name>.debug_info</name>
         <load_address>0x24f1</load_address>
         <run_address>0x24f1</run_address>
         <size>0x5fb</size>
         <input_file_ref idref="fl-a"/>
      </object_component>
      <object_component id="oc-37">
         <name>.debug_info</name>
         <load_address>0x2aec</load_address>
         <run_address>0x2aec</run_address>
         <size>0x64f</size>
         <input_file_ref idref="fl-b"/>
      </object_component>
      <object_component id="oc-3b">
         <name>.debug_info</name>
         <load_address>0x313b</load_address>
         <run_address>0x313b</run_address>
         <size>0x706</size>
         <input_file_ref idref="fl-c"/>
      </object_component>
      <object_component id="oc-3f">
         <name>.debug_info</name>
         <load_address>0x3841</load_address>
         <run_address>0x3841</run_address>
         <size>0x4cf</size>
         <input_file_ref idref="fl-d"/>
      </object_component>
      <object_component id="oc-43">
         <name>.debug_info</name>
         <load_address>0x3d10</load_address>
         <run_address>0x3d10</run_address>
         <size>0x534</size>
         <input_file_ref idref="fl-e"/>
      </object_component>
      <object_component id="oc-47">
         <name>.debug_info</name>
         <load_address>0x4244</load_address>
         <run_address>0x4244</run_address>
         <size>0x597</size>
         <input_file_ref idref="fl-f"/>
      </object_component>
      <object_component id="oc-4c">
         <name>.debug_info</name>
         <load_address>0x47db</load_address>
         <run_address>0x47db</run_address>
         <size>0x4cf</size>
         <input_file_ref idref="fl-10"/>
      </object_component>
      <object_component id="oc-50">
         <name>.debug_info</name>
         <load_address>0x4caa</load_address>
         <run_address>0x4caa</run_address>
         <size>0x549</size>
         <input_file_ref idref="fl-11"/>
      </object_component>
      <object_component id="oc-56">
         <name>.debug_info</name>
         <load_address>0x51f3</load_address>
         <run_address>0x51f3</run_address>
         <size>0xa1c</size>
         <input_file_ref idref="fl-12"/>
      </object_component>
      <object_component id="oc-5b">
         <name>.debug_info</name>
         <load_address>0x5c0f</load_address>
         <run_address>0x5c0f</run_address>
         <size>0x53e</size>
         <input_file_ref idref="fl-13"/>
      </object_component>
      <object_component id="oc-5f">
         <name>.debug_info</name>
         <load_address>0x614d</load_address>
         <run_address>0x614d</run_address>
         <size>0x762</size>
         <input_file_ref idref="fl-14"/>
      </object_component>
      <object_component id="oc-63">
         <name>.debug_info</name>
         <load_address>0x68af</load_address>
         <run_address>0x68af</run_address>
         <size>0xa2d</size>
         <input_file_ref idref="fl-15"/>
      </object_component>
      <object_component id="oc-67">
         <name>.debug_info</name>
         <load_address>0x72dc</load_address>
         <run_address>0x72dc</run_address>
         <size>0x8f7</size>
         <input_file_ref idref="fl-16"/>
      </object_component>
      <object_component id="oc-6b">
         <name>.debug_info</name>
         <load_address>0x7bd3</load_address>
         <run_address>0x7bd3</run_address>
         <size>0xbd</size>
         <input_file_ref idref="fl-17"/>
      </object_component>
      <object_component id="oc-70">
         <name>.debug_info</name>
         <load_address>0x7c90</load_address>
         <run_address>0x7c90</run_address>
         <size>0x144b</size>
         <input_file_ref idref="fl-18"/>
      </object_component>
      <object_component id="oc-75">
         <name>.debug_info</name>
         <load_address>0x90db</load_address>
         <run_address>0x90db</run_address>
         <size>0xd1</size>
         <input_file_ref idref="fl-19"/>
      </object_component>
      <object_component id="oc-7a">
         <name>.debug_info</name>
         <load_address>0x91ac</load_address>
         <run_address>0x91ac</run_address>
         <size>0xb97</size>
         <input_file_ref idref="fl-1a"/>
      </object_component>
      <object_component id="oc-80">
         <name>.debug_info</name>
         <load_address>0x9d43</load_address>
         <run_address>0x9d43</run_address>
         <size>0x50c</size>
         <input_file_ref idref="fl-1b"/>
      </object_component>
      <object_component id="oc-85">
         <name>.debug_info</name>
         <load_address>0xa24f</load_address>
         <run_address>0xa24f</run_address>
         <size>0x55b</size>
         <input_file_ref idref="fl-1c"/>
      </object_component>
      <object_component id="oc-89">
         <name>.debug_info</name>
         <load_address>0xa7aa</load_address>
         <run_address>0xa7aa</run_address>
         <size>0x4b7</size>
         <input_file_ref idref="fl-1d"/>
      </object_component>
      <object_component id="oc-8d">
         <name>.debug_info</name>
         <load_address>0xac61</load_address>
         <run_address>0xac61</run_address>
         <size>0x76c</size>
         <input_file_ref idref="fl-1e"/>
      </object_component>
      <object_component id="oc-91">
         <name>.debug_info</name>
         <load_address>0xb3cd</load_address>
         <run_address>0xb3cd</run_address>
         <size>0x510</size>
         <input_file_ref idref="fl-1f"/>
      </object_component>
      <object_component id="oc-95">
         <name>.debug_info</name>
         <load_address>0xb8dd</load_address>
         <run_address>0xb8dd</run_address>
         <size>0x58a</size>
         <input_file_ref idref="fl-20"/>
      </object_component>
      <object_component id="oc-99">
         <name>.debug_info</name>
         <load_address>0xbe67</load_address>
         <run_address>0xbe67</run_address>
         <size>0x52e</size>
         <input_file_ref idref="fl-21"/>
      </object_component>
      <object_component id="oc-9f">
         <name>.debug_info</name>
         <load_address>0xc395</load_address>
         <run_address>0xc395</run_address>
         <size>0x6ef</size>
         <input_file_ref idref="fl-22"/>
      </object_component>
      <object_component id="oc-a5">
         <name>.debug_info</name>
         <load_address>0xca84</load_address>
         <run_address>0xca84</run_address>
         <size>0x4de</size>
         <input_file_ref idref="fl-23"/>
      </object_component>
      <object_component id="oc-aa">
         <name>.debug_info</name>
         <load_address>0xcf62</load_address>
         <run_address>0xcf62</run_address>
         <size>0xed4</size>
         <input_file_ref idref="fl-24"/>
      </object_component>
      <object_component id="oc-ae">
         <name>.debug_info</name>
         <load_address>0xde36</load_address>
         <run_address>0xde36</run_address>
         <size>0x744</size>
         <input_file_ref idref="fl-25"/>
      </object_component>
      <object_component id="oc-b4">
         <name>.debug_info</name>
         <load_address>0xe57a</load_address>
         <run_address>0xe57a</run_address>
         <size>0x521</size>
         <input_file_ref idref="fl-26"/>
      </object_component>
      <object_component id="oc-b9">
         <name>.debug_info</name>
         <load_address>0xea9b</load_address>
         <run_address>0xea9b</run_address>
         <size>0xef</size>
         <input_file_ref idref="fl-27"/>
      </object_component>
      <object_component id="oc-bd">
         <name>.debug_info</name>
         <load_address>0xeb8a</load_address>
         <run_address>0xeb8a</run_address>
         <size>0x5c9</size>
         <input_file_ref idref="fl-28"/>
      </object_component>
      <object_component id="oc-c1">
         <name>.debug_info</name>
         <load_address>0xf153</load_address>
         <run_address>0xf153</run_address>
         <size>0xbc</size>
         <input_file_ref idref="fl-29"/>
      </object_component>
      <object_component id="oc-c5">
         <name>.debug_info</name>
         <load_address>0xf20f</load_address>
         <run_address>0xf20f</run_address>
         <size>0x6b8</size>
         <input_file_ref idref="fl-2a"/>
      </object_component>
      <object_component id="oc-c9">
         <name>.debug_info</name>
         <load_address>0xf8c7</load_address>
         <run_address>0xf8c7</run_address>
         <size>0x662</size>
         <input_file_ref idref="fl-2b"/>
      </object_component>
      <object_component id="oc-ce">
         <name>.debug_info</name>
         <load_address>0xff29</load_address>
         <run_address>0xff29</run_address>
         <size>0x5bc</size>
         <input_file_ref idref="fl-2c"/>
      </object_component>
      <object_component id="oc-d3">
         <name>.debug_info</name>
         <load_address>0x104e5</load_address>
         <run_address>0x104e5</run_address>
         <size>0x27bd</size>
         <input_file_ref idref="fl-2d"/>
      </object_component>
      <object_component id="oc-d9">
         <name>.debug_info</name>
         <load_address>0x12ca2</load_address>
         <run_address>0x12ca2</run_address>
         <size>0x1964</size>
         <input_file_ref idref="fl-2e"/>
      </object_component>
      <object_component id="oc-dd">
         <name>.debug_info</name>
         <load_address>0x14606</load_address>
         <run_address>0x14606</run_address>
         <size>0x586</size>
         <input_file_ref idref="fl-2f"/>
      </object_component>
      <object_component id="oc-e1">
         <name>.debug_info</name>
         <load_address>0x14b8c</load_address>
         <run_address>0x14b8c</run_address>
         <size>0x5a4</size>
         <input_file_ref idref="fl-30"/>
      </object_component>
      <object_component id="oc-e5">
         <name>.debug_info</name>
         <load_address>0x15130</load_address>
         <run_address>0x15130</run_address>
         <size>0xcd</size>
         <input_file_ref idref="fl-31"/>
      </object_component>
      <object_component id="oc-e9">
         <name>.debug_info</name>
         <load_address>0x151fd</load_address>
         <run_address>0x151fd</run_address>
         <size>0x81f</size>
         <input_file_ref idref="fl-32"/>
      </object_component>
      <object_component id="oc-ec">
         <name>.debug_info</name>
         <load_address>0x15a1c</load_address>
         <run_address>0x15a1c</run_address>
         <size>0x498</size>
         <input_file_ref idref="fl-33"/>
      </object_component>
      <object_component id="oc-ef">
         <name>.debug_info</name>
         <load_address>0x15eb4</load_address>
         <run_address>0x15eb4</run_address>
         <size>0x57e</size>
         <input_file_ref idref="fl-34"/>
      </object_component>
      <object_component id="oc-f3">
         <name>.debug_info</name>
         <load_address>0x16432</load_address>
         <run_address>0x16432</run_address>
         <size>0x534</size>
         <input_file_ref idref="fl-35"/>
      </object_component>
      <object_component id="oc-f7">
         <name>.debug_info</name>
         <load_address>0x16966</load_address>
         <run_address>0x16966</run_address>
         <size>0x670</size>
         <input_file_ref idref="fl-36"/>
      </object_component>
      <object_component id="oc-fb">
         <name>.debug_info</name>
         <load_address>0x16fd6</load_address>
         <run_address>0x16fd6</run_address>
         <size>0x6aa</size>
         <input_file_ref idref="fl-37"/>
      </object_component>
      <object_component id="oc-ff">
         <name>.debug_info</name>
         <load_address>0x17680</load_address>
         <run_address>0x17680</run_address>
         <size>0x942</size>
         <input_file_ref idref="fl-38"/>
      </object_component>
      <object_component id="oc-104">
         <name>.debug_info</name>
         <load_address>0x17fc2</load_address>
         <run_address>0x17fc2</run_address>
         <size>0x4d2</size>
         <input_file_ref idref="fl-39"/>
      </object_component>
      <object_component id="oc-108">
         <name>.debug_info</name>
         <load_address>0x18494</load_address>
         <run_address>0x18494</run_address>
         <size>0x5f7</size>
         <input_file_ref idref="fl-3a"/>
      </object_component>
      <object_component id="oc-10c">
         <name>.debug_info</name>
         <load_address>0x18a8b</load_address>
         <run_address>0x18a8b</run_address>
         <size>0x680</size>
         <input_file_ref idref="fl-3b"/>
      </object_component>
      <object_component id="oc-110">
         <name>.debug_info</name>
         <load_address>0x1910b</load_address>
         <run_address>0x1910b</run_address>
         <size>0x7d4</size>
         <input_file_ref idref="fl-3c"/>
      </object_component>
      <object_component id="oc-114">
         <name>.debug_info</name>
         <load_address>0x198df</load_address>
         <run_address>0x198df</run_address>
         <size>0x5ad</size>
         <input_file_ref idref="fl-3d"/>
      </object_component>
      <object_component id="oc-118">
         <name>.debug_info</name>
         <load_address>0x19e8c</load_address>
         <run_address>0x19e8c</run_address>
         <size>0x574</size>
         <input_file_ref idref="fl-3e"/>
      </object_component>
      <object_component id="oc-11c">
         <name>.debug_info</name>
         <load_address>0x1a400</load_address>
         <run_address>0x1a400</run_address>
         <size>0x4f2</size>
         <input_file_ref idref="fl-3f"/>
      </object_component>
      <object_component id="oc-120">
         <name>.debug_info</name>
         <load_address>0x1a8f2</load_address>
         <run_address>0x1a8f2</run_address>
         <size>0x534</size>
         <input_file_ref idref="fl-40"/>
      </object_component>
      <object_component id="oc-124">
         <name>.debug_info</name>
         <load_address>0x1ae26</load_address>
         <run_address>0x1ae26</run_address>
         <size>0x64a</size>
         <input_file_ref idref="fl-41"/>
      </object_component>
      <object_component id="oc-128">
         <name>.debug_info</name>
         <load_address>0x1b470</load_address>
         <run_address>0x1b470</run_address>
         <size>0x84f</size>
         <input_file_ref idref="fl-42"/>
      </object_component>
      <object_component id="oc-12d">
         <name>.debug_info</name>
         <load_address>0x1bcbf</load_address>
         <run_address>0x1bcbf</run_address>
         <size>0x671</size>
         <input_file_ref idref="fl-43"/>
      </object_component>
      <object_component id="oc-131">
         <name>.debug_info</name>
         <load_address>0x1c330</load_address>
         <run_address>0x1c330</run_address>
         <size>0x860</size>
         <input_file_ref idref="fl-44"/>
      </object_component>
      <object_component id="oc-136">
         <name>.debug_info</name>
         <load_address>0x1cb90</load_address>
         <run_address>0x1cb90</run_address>
         <size>0x67d</size>
         <input_file_ref idref="fl-45"/>
      </object_component>
      <object_component id="oc-13a">
         <name>.debug_info</name>
         <load_address>0x1d20d</load_address>
         <run_address>0x1d20d</run_address>
         <size>0x65a</size>
         <input_file_ref idref="fl-46"/>
      </object_component>
      <object_component id="oc-13e">
         <name>.debug_info</name>
         <load_address>0x1d867</load_address>
         <run_address>0x1d867</run_address>
         <size>0x665</size>
         <input_file_ref idref="fl-47"/>
      </object_component>
      <object_component id="oc-142">
         <name>.debug_info</name>
         <load_address>0x1decc</load_address>
         <run_address>0x1decc</run_address>
         <size>0x4f2</size>
         <input_file_ref idref="fl-48"/>
      </object_component>
      <object_component id="oc-146">
         <name>.debug_info</name>
         <load_address>0x1e3be</load_address>
         <run_address>0x1e3be</run_address>
         <size>0x47b</size>
         <input_file_ref idref="fl-49"/>
      </object_component>
      <object_component id="oc-14a">
         <name>.debug_info</name>
         <load_address>0x1e839</load_address>
         <run_address>0x1e839</run_address>
         <size>0xeb</size>
         <input_file_ref idref="fl-4a"/>
      </object_component>
      <object_component id="oc-172">
         <name>.debug_info</name>
         <load_address>0x1e924</load_address>
         <run_address>0x1e924</run_address>
         <size>0x6e</size>
      </object_component>
      <object_component id="oc-19">
         <name>.debug_frame</name>
         <load_address>0x0</load_address>
         <run_address>0x0</run_address>
         <size>0x103</size>
         <input_file_ref idref="fl-2"/>
      </object_component>
      <object_component id="oc-20">
         <name>.debug_frame</name>
         <load_address>0x103</load_address>
         <run_address>0x103</run_address>
         <size>0x11f</size>
         <input_file_ref idref="fl-3"/>
      </object_component>
      <object_component id="oc-1a">
         <name>.debug_line</name>
         <load_address>0x0</load_address>
         <run_address>0x0</run_address>
         <size>0xee</size>
         <input_file_ref idref="fl-2"/>
      </object_component>
      <object_component id="oc-21">
         <name>.debug_line</name>
         <load_address>0xee</load_address>
         <run_address>0xee</run_address>
         <size>0xbd</size>
         <input_file_ref idref="fl-3"/>
      </object_component>
      <object_component id="oc-25">
         <name>.debug_line</name>
         <load_address>0x1ab</load_address>
         <run_address>0x1ab</run_address>
         <size>0x5c</size>
         <input_file_ref idref="fl-7"/>
      </object_component>
      <object_component id="oc-29">
         <name>.debug_line</name>
         <load_address>0x207</load_address>
         <run_address>0x207</run_address>
         <size>0x54</size>
         <input_file_ref idref="fl-8"/>
      </object_component>
      <object_component id="oc-2d">
         <name>.debug_line</name>
         <load_address>0x25b</load_address>
         <run_address>0x25b</run_address>
         <size>0x5b</size>
         <input_file_ref idref="fl-9"/>
      </object_component>
      <object_component id="oc-34">
         <name>.debug_line</name>
         <load_address>0x2b6</load_address>
         <run_address>0x2b6</run_address>
         <size>0x51</size>
         <input_file_ref idref="fl-a"/>
      </object_component>
      <object_component id="oc-38">
         <name>.debug_line</name>
         <load_address>0x307</load_address>
         <run_address>0x307</run_address>
         <size>0x3d</size>
         <input_file_ref idref="fl-b"/>
      </object_component>
      <object_component id="oc-3c">
         <name>.debug_line</name>
         <load_address>0x344</load_address>
         <run_address>0x344</run_address>
         <size>0x5b</size>
         <input_file_ref idref="fl-c"/>
      </object_component>
      <object_component id="oc-40">
         <name>.debug_line</name>
         <load_address>0x39f</load_address>
         <run_address>0x39f</run_address>
         <size>0x3d</size>
         <input_file_ref idref="fl-d"/>
      </object_component>
      <object_component id="oc-44">
         <name>.debug_line</name>
         <load_address>0x3dc</load_address>
         <run_address>0x3dc</run_address>
         <size>0x3d</size>
         <input_file_ref idref="fl-e"/>
      </object_component>
      <object_component id="oc-49">
         <name>.debug_line</name>
         <load_address>0x419</load_address>
         <run_address>0x419</run_address>
         <size>0x38</size>
         <input_file_ref idref="fl-f"/>
      </object_component>
      <object_component id="oc-4d">
         <name>.debug_line</name>
         <load_address>0x451</load_address>
         <run_address>0x451</run_address>
         <size>0x3d</size>
         <input_file_ref idref="fl-10"/>
      </object_component>
      <object_component id="oc-52">
         <name>.debug_line</name>
         <load_address>0x48e</load_address>
         <run_address>0x48e</run_address>
         <size>0x44</size>
         <input_file_ref idref="fl-11"/>
      </object_component>
      <object_component id="oc-58">
         <name>.debug_line</name>
         <load_address>0x4d2</load_address>
         <run_address>0x4d2</run_address>
         <size>0xd7</size>
         <input_file_ref idref="fl-12"/>
      </object_component>
      <object_component id="oc-5c">
         <name>.debug_line</name>
         <load_address>0x5a9</load_address>
         <run_address>0x5a9</run_address>
         <size>0x40</size>
         <input_file_ref idref="fl-13"/>
      </object_component>
      <object_component id="oc-60">
         <name>.debug_line</name>
         <load_address>0x5e9</load_address>
         <run_address>0x5e9</run_address>
         <size>0x4d</size>
         <input_file_ref idref="fl-14"/>
      </object_component>
      <object_component id="oc-64">
         <name>.debug_line</name>
         <load_address>0x636</load_address>
         <run_address>0x636</run_address>
         <size>0xa7</size>
         <input_file_ref idref="fl-15"/>
      </object_component>
      <object_component id="oc-68">
         <name>.debug_line</name>
         <load_address>0x6dd</load_address>
         <run_address>0x6dd</run_address>
         <size>0x97</size>
         <input_file_ref idref="fl-16"/>
      </object_component>
      <object_component id="oc-6c">
         <name>.debug_line</name>
         <load_address>0x774</load_address>
         <run_address>0x774</run_address>
         <size>0x3c</size>
         <input_file_ref idref="fl-17"/>
      </object_component>
      <object_component id="oc-72">
         <name>.debug_line</name>
         <load_address>0x7b0</load_address>
         <run_address>0x7b0</run_address>
         <size>0x1b0</size>
         <input_file_ref idref="fl-18"/>
      </object_component>
      <object_component id="oc-76">
         <name>.debug_line</name>
         <load_address>0x960</load_address>
         <run_address>0x960</run_address>
         <size>0x4d</size>
         <input_file_ref idref="fl-19"/>
      </object_component>
      <object_component id="oc-7d">
         <name>.debug_line</name>
         <load_address>0x9ad</load_address>
         <run_address>0x9ad</run_address>
         <size>0x112</size>
         <input_file_ref idref="fl-1a"/>
      </object_component>
      <object_component id="oc-82">
         <name>.debug_line</name>
         <load_address>0xabf</load_address>
         <run_address>0xabf</run_address>
         <size>0x3c</size>
         <input_file_ref idref="fl-1b"/>
      </object_component>
      <object_component id="oc-86">
         <name>.debug_line</name>
         <load_address>0xafb</load_address>
         <run_address>0xafb</run_address>
         <size>0x3c</size>
         <input_file_ref idref="fl-1c"/>
      </object_component>
      <object_component id="oc-8a">
         <name>.debug_line</name>
         <load_address>0xb37</load_address>
         <run_address>0xb37</run_address>
         <size>0x37</size>
         <input_file_ref idref="fl-1d"/>
      </object_component>
      <object_component id="oc-8e">
         <name>.debug_line</name>
         <load_address>0xb6e</load_address>
         <run_address>0xb6e</run_address>
         <size>0x69</size>
         <input_file_ref idref="fl-1e"/>
      </object_component>
      <object_component id="oc-92">
         <name>.debug_line</name>
         <load_address>0xbd7</load_address>
         <run_address>0xbd7</run_address>
         <size>0x39</size>
         <input_file_ref idref="fl-1f"/>
      </object_component>
      <object_component id="oc-96">
         <name>.debug_line</name>
         <load_address>0xc10</load_address>
         <run_address>0xc10</run_address>
         <size>0x3b</size>
         <input_file_ref idref="fl-20"/>
      </object_component>
      <object_component id="oc-9b">
         <name>.debug_line</name>
         <load_address>0xc4b</load_address>
         <run_address>0xc4b</run_address>
         <size>0x3a</size>
         <input_file_ref idref="fl-21"/>
      </object_component>
      <object_component id="oc-a2">
         <name>.debug_line</name>
         <load_address>0xc85</load_address>
         <run_address>0xc85</run_address>
         <size>0x54</size>
         <input_file_ref idref="fl-22"/>
      </object_component>
      <object_component id="oc-a6">
         <name>.debug_line</name>
         <load_address>0xcd9</load_address>
         <run_address>0xcd9</run_address>
         <size>0x37</size>
         <input_file_ref idref="fl-23"/>
      </object_component>
      <object_component id="oc-ab">
         <name>.debug_line</name>
         <load_address>0xd10</load_address>
         <run_address>0xd10</run_address>
         <size>0x15d</size>
         <input_file_ref idref="fl-24"/>
      </object_component>
      <object_component id="oc-b1">
         <name>.debug_line</name>
         <load_address>0xe6d</load_address>
         <run_address>0xe6d</run_address>
         <size>0x6a</size>
         <input_file_ref idref="fl-25"/>
      </object_component>
      <object_component id="oc-b6">
         <name>.debug_line</name>
         <load_address>0xed7</load_address>
         <run_address>0xed7</run_address>
         <size>0x38</size>
         <input_file_ref idref="fl-26"/>
      </object_component>
      <object_component id="oc-ba">
         <name>.debug_line</name>
         <load_address>0xf0f</load_address>
         <run_address>0xf0f</run_address>
         <size>0x58</size>
         <input_file_ref idref="fl-27"/>
      </object_component>
      <object_component id="oc-be">
         <name>.debug_line</name>
         <load_address>0xf67</load_address>
         <run_address>0xf67</run_address>
         <size>0x3d</size>
         <input_file_ref idref="fl-28"/>
      </object_component>
      <object_component id="oc-c2">
         <name>.debug_line</name>
         <load_address>0xfa4</load_address>
         <run_address>0xfa4</run_address>
         <size>0x37</size>
         <input_file_ref idref="fl-29"/>
      </object_component>
      <object_component id="oc-c6">
         <name>.debug_line</name>
         <load_address>0xfdb</load_address>
         <run_address>0xfdb</run_address>
         <size>0x4c</size>
         <input_file_ref idref="fl-2a"/>
      </object_component>
      <object_component id="oc-ca">
         <name>.debug_line</name>
         <load_address>0x1027</load_address>
         <run_address>0x1027</run_address>
         <size>0x57</size>
         <input_file_ref idref="fl-2b"/>
      </object_component>
      <object_component id="oc-d0">
         <name>.debug_line</name>
         <load_address>0x107e</load_address>
         <run_address>0x107e</run_address>
         <size>0x57</size>
         <input_file_ref idref="fl-2c"/>
      </object_component>
      <object_component id="oc-d6">
         <name>.debug_line</name>
         <load_address>0x10d5</load_address>
         <run_address>0x10d5</run_address>
         <size>0x328</size>
         <input_file_ref idref="fl-2d"/>
      </object_component>
      <object_component id="oc-da">
         <name>.debug_line</name>
         <load_address>0x13fd</load_address>
         <run_address>0x13fd</run_address>
         <size>0x152</size>
         <input_file_ref idref="fl-2e"/>
      </object_component>
      <object_component id="oc-de">
         <name>.debug_line</name>
         <load_address>0x154f</load_address>
         <run_address>0x154f</run_address>
         <size>0x41</size>
         <input_file_ref idref="fl-2f"/>
      </object_component>
      <object_component id="oc-e2">
         <name>.debug_line</name>
         <load_address>0x1590</load_address>
         <run_address>0x1590</run_address>
         <size>0x46</size>
         <input_file_ref idref="fl-30"/>
      </object_component>
      <object_component id="oc-e6">
         <name>.debug_line</name>
         <load_address>0x15d6</load_address>
         <run_address>0x15d6</run_address>
         <size>0x55</size>
         <input_file_ref idref="fl-31"/>
      </object_component>
      <object_component id="oc-ea">
         <name>.debug_line</name>
         <load_address>0x162b</load_address>
         <run_address>0x162b</run_address>
         <size>0xad</size>
         <input_file_ref idref="fl-32"/>
      </object_component>
      <object_component id="oc-f4">
         <name>.debug_line</name>
         <load_address>0x16d8</load_address>
         <run_address>0x16d8</run_address>
         <size>0x44</size>
         <input_file_ref idref="fl-35"/>
      </object_component>
      <object_component id="oc-f8">
         <name>.debug_line</name>
         <load_address>0x171c</load_address>
         <run_address>0x171c</run_address>
         <size>0x56</size>
         <input_file_ref idref="fl-36"/>
      </object_component>
      <object_component id="oc-fc">
         <name>.debug_line</name>
         <load_address>0x1772</load_address>
         <run_address>0x1772</run_address>
         <size>0x56</size>
         <input_file_ref idref="fl-37"/>
      </object_component>
      <object_component id="oc-101">
         <name>.debug_line</name>
         <load_address>0x17c8</load_address>
         <run_address>0x17c8</run_address>
         <size>0xa8</size>
         <input_file_ref idref="fl-38"/>
      </object_component>
      <object_component id="oc-105">
         <name>.debug_line</name>
         <load_address>0x1870</load_address>
         <run_address>0x1870</run_address>
         <size>0x3a</size>
         <input_file_ref idref="fl-39"/>
      </object_component>
      <object_component id="oc-109">
         <name>.debug_line</name>
         <load_address>0x18aa</load_address>
         <run_address>0x18aa</run_address>
         <size>0x3c</size>
         <input_file_ref idref="fl-3a"/>
      </object_component>
      <object_component id="oc-10d">
         <name>.debug_line</name>
         <load_address>0x18e6</load_address>
         <run_address>0x18e6</run_address>
         <size>0x38</size>
         <input_file_ref idref="fl-3b"/>
      </object_component>
      <object_component id="oc-111">
         <name>.debug_line</name>
         <load_address>0x191e</load_address>
         <run_address>0x191e</run_address>
         <size>0xa8</size>
         <input_file_ref idref="fl-3c"/>
      </object_component>
      <object_component id="oc-115">
         <name>.debug_line</name>
         <load_address>0x19c6</load_address>
         <run_address>0x19c6</run_address>
         <size>0x40</size>
         <input_file_ref idref="fl-3d"/>
      </object_component>
      <object_component id="oc-119">
         <name>.debug_line</name>
         <load_address>0x1a06</load_address>
         <run_address>0x1a06</run_address>
         <size>0x3c</size>
         <input_file_ref idref="fl-3e"/>
      </object_component>
      <object_component id="oc-11d">
         <name>.debug_line</name>
         <load_address>0x1a42</load_address>
         <run_address>0x1a42</run_address>
         <size>0x3c</size>
         <input_file_ref idref="fl-3f"/>
      </object_component>
      <object_component id="oc-121">
         <name>.debug_line</name>
         <load_address>0x1a7e</load_address>
         <run_address>0x1a7e</run_address>
         <size>0x44</size>
         <input_file_ref idref="fl-40"/>
      </object_component>
      <object_component id="oc-125">
         <name>.debug_line</name>
         <load_address>0x1ac2</load_address>
         <run_address>0x1ac2</run_address>
         <size>0x3f</size>
         <input_file_ref idref="fl-41"/>
      </object_component>
      <object_component id="oc-12a">
         <name>.debug_line</name>
         <load_address>0x1b01</load_address>
         <run_address>0x1b01</run_address>
         <size>0x69</size>
         <input_file_ref idref="fl-42"/>
      </object_component>
      <object_component id="oc-12e">
         <name>.debug_line</name>
         <load_address>0x1b6a</load_address>
         <run_address>0x1b6a</run_address>
         <size>0x3d</size>
         <input_file_ref idref="fl-43"/>
      </object_component>
      <object_component id="oc-133">
         <name>.debug_line</name>
         <load_address>0x1ba7</load_address>
         <run_address>0x1ba7</run_address>
         <size>0x6a</size>
         <input_file_ref idref="fl-44"/>
      </object_component>
      <object_component id="oc-137">
         <name>.debug_line</name>
         <load_address>0x1c11</load_address>
         <run_address>0x1c11</run_address>
         <size>0x3e</size>
         <input_file_ref idref="fl-45"/>
      </object_component>
      <object_component id="oc-13b">
         <name>.debug_line</name>
         <load_address>0x1c4f</load_address>
         <run_address>0x1c4f</run_address>
         <size>0x3f</size>
         <input_file_ref idref="fl-46"/>
      </object_component>
      <object_component id="oc-13f">
         <name>.debug_line</name>
         <load_address>0x1c8e</load_address>
         <run_address>0x1c8e</run_address>
         <size>0x40</size>
         <input_file_ref idref="fl-47"/>
      </object_component>
      <object_component id="oc-143">
         <name>.debug_line</name>
         <load_address>0x1cce</load_address>
         <run_address>0x1cce</run_address>
         <size>0x3c</size>
         <input_file_ref idref="fl-48"/>
      </object_component>
      <object_component id="oc-14b">
         <name>.debug_line</name>
         <load_address>0x1d0a</load_address>
         <run_address>0x1d0a</run_address>
         <size>0x5c</size>
         <input_file_ref idref="fl-4a"/>
      </object_component>
      <object_component id="oc-1b">
[...]
         <value>0x70e4</value>
         <object_component_ref idref="oc-33"/>
      </symbol>
      <symbol id="sm-c2">
         <name>_exit</name>
         <value>0x6f37</value>
         <object_component_ref idref="oc-2f"/>
      </symbol>
      <symbol id="sm-c3">
         <name>_abort</name>
         <value>0x70e3</value>
         <object_component_ref idref="oc-33"/>
      </symbol>
      <symbol id="sm-c4">
         <name>__cleanup_ptr</name>
         <value>0xca48</value>
         <object_component_ref idref="oc-30"/>
      </symbol>
      <symbol id="sm-c5">
         <name>__dtors_ptr</name>
         <value>0xca4c</value>
         <object_component_ref idref="oc-30"/>
      </symbol>
      <symbol id="sm-cf">
         <name>_fclose</name>
         <value>0x68fd</value>
         <object_component_ref idref="oc-36"/>
      </symbol>
      <symbol id="sm-d9">
         <name>__doflush</name>
         <value>0x6279</value>
         <object_component_ref idref="oc-3a"/>
      </symbol>
      <symbol id="sm-da">
         <name>_fflush</name>
         <value>0x62e2</value>
         <object_component_ref idref="oc-3a"/>
      </symbol>
      <symbol id="sm-e4">
         <name>__fixdi</name>
         <value>0x6fe5</value>
         <object_component_ref idref="oc-3e"/>
      </symbol>
      <symbol id="sm-ee">
         <name>__fixdli</name>
         <value>0x6ad3</value>
         <object_component_ref idref="oc-42"/>
      </symbol>
      <symbol id="sm-fa">
         <name>_floor</name>
         <value>0x6608</value>
         <object_component_ref idref="oc-46"/>
      </symbol>
      <symbol id="sm-104">
         <name>__fltid</name>
         <value>0x70cd</value>
         <object_component_ref idref="oc-4b"/>
      </symbol>
      <symbol id="sm-110">
         <name>__fltlid</name>
         <value>0x6c1a</value>
         <object_component_ref idref="oc-4f"/>
      </symbol>
      <symbol id="sm-11f">
         <name>__cleanup</name>
         <value>0x4785</value>
         <object_component_ref idref="oc-54"/>
      </symbol>
      <symbol id="sm-120">
         <name>_fopen</name>
         <value>0x48a8</value>
         <object_component_ref idref="oc-54"/>
      </symbol>
      <symbol id="sm-121">
         <name>_freopen</name>
         <value>0x47df</value>
         <object_component_ref idref="oc-54"/>
      </symbol>
      <symbol id="sm-12b">
         <name>__frcmpyd_div</name>
         <value>0x69ee</value>
         <object_component_ref idref="oc-5a"/>
      </symbol>
      <symbol id="sm-135">
         <name>_fread</name>
         <value>0x5fa7</value>
         <object_component_ref idref="oc-5e"/>
      </symbol>
      <symbol id="sm-13f">
         <name>_fscanf</name>
         <value>0x5d36</value>
         <object_component_ref idref="oc-62"/>
      </symbol>
      <symbol id="sm-140">
         <name>_scanf</name>
         <value>0x5cfa</value>
         <object_component_ref idref="oc-62"/>
      </symbol>
      <symbol id="sm-14c">
         <name>_fwrite</name>
         <value>0x55ee</value>
         <object_component_ref idref="oc-66"/>
      </symbol>
      <symbol id="sm-154">
         <name>__mpyli</name>
         <value>0x708a</value>
         <object_component_ref idref="oc-6a"/>
      </symbol>
      <symbol id="sm-155">
         <name>I$$LMPY</name>
         <value>0x708a</value>
         <object_component_ref idref="oc-6a"/>
      </symbol>
      <symbol id="sm-167">
         <name>_add_device</name>
         <value>0x2bd2</value>
         <object_component_ref idref="oc-6e"/>
      </symbol>
      <symbol id="sm-168">
         <name>_rename</name>
         <value>0x28f4</value>
         <object_component_ref idref="oc-6e"/>
      </symbol>
      <symbol id="sm-169">
         <name>_read</name>
         <value>0x2983</value>
         <object_component_ref idref="oc-6e"/>
      </symbol>
      <symbol id="sm-16a">
         <name>_unlink</name>
         <value>0x28c1</value>
         <object_component_ref idref="oc-6e"/>
      </symbol>
      <symbol id="sm-16b">
         <name>_remove_device</name>
         <value>0x294d</value>
         <object_component_ref idref="oc-6e"/>
      </symbol>
      <symbol id="sm-16c">
         <name>_open</name>
         <value>0x2a31</value>
         <object_component_ref idref="oc-6e"/>
      </symbol>
      <symbol id="sm-16d">
         <name>_find_registered_device</name>
         <value>0x2b56</value>
         <object_component_ref idref="oc-6e"/>
      </symbol>
      <symbol id="sm-16e">
         <name>_lseek</name>
         <value>0x2af0</value>
         <object_component_ref idref="oc-6e"/>
      </symbol>
      <symbol id="sm-16f">
         <name>_close</name>
         <value>0x2b5f</value>
         <object_component_ref idref="oc-6e"/>
      </symbol>
      <symbol id="sm-170">
         <name>_write</name>
         <value>0x277f</value>
         <object_component_ref idref="oc-6e"/>
      </symbol>
      <symbol id="sm-178">
         <name>_memcpy</name>
         <value>0x6ef8</value>
         <object_component_ref idref="oc-74"/>
      </symbol>
      <symbol id="sm-188">
         <name>__sys_memory</name>
         <value>0x9100</value>
         <object_component_ref idref="oc-7c"/>
      </symbol>
      <symbol id="sm-189">
         <name>_chkheap</name>
         <value>0x3671</value>
         <object_component_ref idref="oc-78"/>
      </symbol>
      <symbol id="sm-18a">
         <name>_realloc</name>
         <value>0x3410</value>
         <object_component_ref idref="oc-78"/>
      </symbol>
      <symbol id="sm-18b">
         <name>_free_memory</name>
         <value>0x361b</value>
         <object_component_ref idref="oc-78"/>
      </symbol>
      <symbol id="sm-18c">
         <name>_max_free</name>
         <value>0x35c1</value>
         <object_component_ref idref="oc-78"/>
      </symbol>
      <symbol id="sm-18d">
         <name>_free</name>
         <value>0x31ea</value>
         <object_component_ref idref="oc-78"/>
      </symbol>
      <symbol id="sm-18e">
         <name>_calloc</name>
         <value>0x3679</value>
         <object_component_ref idref="oc-78"/>
      </symbol>
      <symbol id="sm-18f">
         <name>_malloc</name>
         <value>0x331b</value>
         <object_component_ref idref="oc-78"/>
      </symbol>
      <symbol id="sm-190">
         <name>_minit</name>
         <value>0x32b6</value>
         <object_component_ref idref="oc-78"/>
      </symbol>
      <symbol id="sm-19c">
         <name>_modf</name>
         <value>0x633b</value>
         <object_component_ref idref="oc-7f"/>
      </symbol>
      <symbol id="sm-1a6">
         <name>__mpyd</name>
         <value>0x5e5b</value>
         <object_component_ref idref="oc-84"/>
      </symbol>
      <symbol id="sm-1b0">
         <name>__negd</name>
         <value>0x70af</value>
         <object_component_ref idref="oc-88"/>
      </symbol>
      <symbol id="sm-1ba">
         <name>_printf</name>
         <value>0x6d3c</value>
         <object_component_ref idref="oc-8c"/>
      </symbol>
      <symbol id="sm-1c4">
         <name>_remove</name>
         <value>0x70d9</value>
         <object_component_ref idref="oc-90"/>
      </symbol>
      <symbol id="sm-1ce">
         <name>_rewind</name>
         <value>0x70bf</value>
         <object_component_ref idref="oc-94"/>
      </symbol>
      <symbol id="sm-1da">
         <name>__nround</name>
         <value>0x6c81</value>
         <object_component_ref idref="oc-98"/>
      </symbol>
      <symbol id="sm-1eb">
         <name>_sin</name>
         <value>0x53fc</value>
         <object_component_ref idref="oc-9d"/>
      </symbol>
      <symbol id="sm-1f5">
         <name>__subd</name>
         <value>0x7076</value>
         <object_component_ref idref="oc-a4"/>
      </symbol>
      <symbol id="sm-201">
         <name>_HOSTopen</name>
         <value>0x2fcd</value>
         <object_component_ref idref="oc-a8"/>
      </symbol>
      <symbol id="sm-202">
         <name>_HOSTread</name>
         <value>0x2f40</value>
         <object_component_ref idref="oc-a8"/>
      </symbol>
      <symbol id="sm-203">
         <name>_HOSTtime</name>
         <value>0x2e34</value>
         <object_component_ref idref="oc-a8"/>
      </symbol>
      <symbol id="sm-204">
         <name>_getenv</name>
         <value>0x2cc2</value>
         <object_component_ref idref="oc-a8"/>
      </symbol>
      <symbol id="sm-205">
         <name>_HOSTrename</name>
         <value>0x2e92</value>
         <object_component_ref idref="oc-a8"/>
      </symbol>
      <symbol id="sm-206">
         <name>_HOSTclock</name>
         <value>0x318c</value>
         <object_component_ref idref="oc-a8"/>
      </symbol>
      <symbol id="sm-207">
         <name>_HOSTwrite</name>
         <value>0x2d3d</value>
         <object_component_ref idref="oc-a8"/>
      </symbol>
      <symbol id="sm-208">
         <name>_HOSTlseek</name>
         <value>0x306c</value>
         <object_component_ref idref="oc-a8"/>
      </symbol>
      <symbol id="sm-209">
         <name>_HOSTunlink</name>
         <value>0x2dca</value>
         <object_component_ref idref="oc-a8"/>
      </symbol>
      <symbol id="sm-20a">
         <name>_HOSTclose</name>
         <value>0x3121</value>
         <object_component_ref idref="oc-a8"/>
      </symbol>
      <symbol id="sm-21c">
         <name>C$$IO$$</name>
         <value>0x64af</value>
         <object_component_ref idref="oc-b0"/>
      </symbol>
      <symbol id="sm-21d">
         <name>__CIOBUF_</name>
         <value>0xe100</value>
         <object_component_ref idref="oc-af"/>
      </symbol>
      <symbol id="sm-21e">
         <name>_readmsg</name>
         <value>0x6b42</value>
         <object_component_ref idref="oc-ad"/>
      </symbol>
      <symbol id="sm-21f">
         <name>_writemsg</name>
         <value>0x63fa</value>
         <object_component_ref idref="oc-b0"/>
      </symbol>
      <symbol id="sm-22b">
         <name>__trunc</name>
         <value>0x6eb7</value>
         <object_component_ref idref="oc-b3"/>
      </symbol>
      <symbol id="sm-233">
         <name>__remu</name>
         <value>0x7024</value>
         <object_component_ref idref="oc-b8"/>
      </symbol>
      <symbol id="sm-234">
         <name>__divu</name>
         <value>0x700f</value>
         <object_component_ref idref="oc-b8"/>
      </symbol>
      <symbol id="sm-235">
         <name>I$$UMOD</name>
         <value>0x7024</value>
         <object_component_ref idref="oc-b8"/>
      </symbol>
      <symbol id="sm-236">
         <name>I$$UDIV</name>
         <value>0x700f</value>
         <object_component_ref idref="oc-b8"/>
      </symbol>
      <symbol id="sm-240">
         <name>_ungetc</name>
         <value>0x67e6</value>
         <object_component_ref idref="oc-bc"/>
      </symbol>
      <symbol id="sm-24a">
         <name>_Reset</name>
         <value>0xfe00</value>
         <object_component_ref idref="oc-13"/>
      </symbol>
      <symbol id="sm-254">
         <name>__buff_read</name>
         <value>0x64b4</value>
         <object_component_ref idref="oc-c4"/>
      </symbol>
      <symbol id="sm-25e">
         <name>__rd_ok</name>
         <value>0x621c</value>
         <object_component_ref idref="oc-c8"/>
      </symbol>
      <symbol id="sm-25f">
         <name>__wrt_ok</name>
         <value>0x619c</value>
         <object_component_ref idref="oc-c8"/>
      </symbol>
      <symbol id="sm-26d">
         <name>__unlock</name>
         <value>0xca44</value>
         <object_component_ref idref="oc-cd"/>
      </symbol>
      <symbol id="sm-26e">
         <name>__lock</name>
         <value>0xca40</value>
         <object_component_ref idref="oc-cd"/>
      </symbol>
      <symbol id="sm-26f">
         <name>__register_lock</name>
         <value>0x70a5</value>
         <object_component_ref idref="oc-cc"/>
      </symbol>
      <symbol id="sm-270">
         <name>__nop</name>
         <value>0x70ad</value>
         <object_component_ref idref="oc-cc"/>
      </symbol>
      <symbol id="sm-271">
         <name>__register_unlock</name>
         <value>0x709d</value>
         <object_component_ref idref="oc-cc"/>
      </symbol>
      <symbol id="sm-283">
         <name>__printfi</name>
         <value>0x1662</value>
         <object_component_ref idref="oc-d2"/>
      </symbol>
      <symbol id="sm-291">
         <name>__scanfi</name>
         <value>0x2277</value>
         <object_component_ref idref="oc-d8"/>
      </symbol>
      <symbol id="sm-29b">
         <name>__args_main</name>
         <value>0x6dd9</value>
         <object_component_ref idref="oc-dc"/>
      </symbol>
      <symbol id="sm-29c">
         <name>__TI_args_main</name>
         <value>0x1</value>
      </symbol>
      <symbol id="sm-2a6">
         <name>_atoi</name>
         <value>0x6ce0</value>
         <object_component_ref idref="oc-e0"/>
      </symbol>
      <symbol id="sm-2ae">
         <name>_auto_init</name>
         <value>0x6d8c</value>
         <object_component_ref idref="oc-e4"/>
      </symbol>
      <symbol id="sm-2b8">
         <name>__eqld</name>
         <value>0x593a</value>
         <object_component_ref idref="oc-e8"/>
      </symbol>
      <symbol id="sm-2b9">
         <name>__cmpd</name>
         <value>0x596e</value>
         <object_component_ref idref="oc-e8"/>
      </symbol>
      <symbol id="sm-2ba">
         <name>__neqd</name>
         <value>0x57dc</value>
         <object_component_ref idref="oc-e8"/>
      </symbol>
      <symbol id="sm-2bb">
         <name>__gtrd</name>
         <value>0x58a5</value>
         <object_component_ref idref="oc-e8"/>
      </symbol>
      <symbol id="sm-2bc">
         <name>__geqd</name>
         <value>0x58f0</value>
         <object_component_ref idref="oc-e8"/>
      </symbol>
      <symbol id="sm-2bd">
         <name>__leqd</name>
         <value>0x5858</value>
         <object_component_ref idref="oc-e8"/>
      </symbol>
      <symbol id="sm-2be">
         <name>__lssd</name>
         <value>0x5810</value>
         <object_component_ref idref="oc-e8"/>
      </symbol>
      <symbol id="sm-2c6">
         <name>__ctypes_</name>
         <value>0xdce0</value>
         <object_component_ref idref="oc-14f"/>
      </symbol>
      <symbol id="sm-2d0">
         <name>__tmpnams</name>
         <value>0xc65c</value>
         <object_component_ref idref="oc-ee"/>
      </symbol>
      <symbol id="sm-2d1">
         <name>__ft_end</name>
         <value>0xc79c</value>
         <object_component_ref idref="oc-ee"/>
      </symbol>
      <symbol id="sm-2d2">
         <name>__ftable</name>
         <value>0xc56c</value>
         <object_component_ref idref="oc-ee"/>
      </symbol>
      <symbol id="sm-2dd">
         <name>__divul</name>
         <value>0x66aa</value>
         <object_component_ref idref="oc-f2"/>
      </symbol>
      <symbol id="sm-2e7">
         <name>_getchar</name>
         <value>0x67d7</value>
         <object_component_ref idref="oc-f6"/>
      </symbol>
      <symbol id="sm-2e8">
         <name>_getc</name>
         <value>0x674b</value>
         <object_component_ref idref="oc-f6"/>
      </symbol>
      <symbol id="sm-2e9">
         <name>_fgetc</name>
         <value>0x674b</value>
         <object_component_ref idref="oc-f6"/>
      </symbol>
      <symbol id="sm-2f3">
         <name>_putchar</name>
         <value>0x65f9</value>
         <object_component_ref idref="oc-fa"/>
      </symbol>
      <symbol id="sm-2f4">
         <name>_putc</name>
         <value>0x6562</value>
         <object_component_ref idref="oc-fa"/>
      </symbol>
      <symbol id="sm-2f5">
         <name>_fputc</name>
         <value>0x6562</value>
         <object_component_ref idref="oc-fa"/>
      </symbol>
      <symbol id="sm-303">
         <name>_puts</name>
         <value>0x5ccc</value>
         <object_component_ref idref="oc-fe"/>
      </symbol>
      <symbol id="sm-304">
         <name>_fputs</name>
         <value>0x5b97</value>
         <object_component_ref idref="oc-fe"/>
      </symbol>
      <symbol id="sm-30e">
         <name>__frcmpyd</name>
         <value>0x6978</value>
         <object_component_ref idref="oc-103"/>
      </symbol>
      <symbol id="sm-318">
         <name>_fseek</name>
         <value>0x6baf</value>
         <object_component_ref idref="oc-107"/>
      </symbol>
      <symbol id="sm-322">
         <name>___isinf</name>
         <value>0x705c</value>
         <object_component_ref idref="oc-10b"/>
      </symbol>
      <symbol id="sm-32c">
         <name>__divull</name>
         <value>0x4a18</value>
         <object_component_ref idref="oc-10f"/>
      </symbol>
      <symbol id="sm-32d">
         <name>__mpylli</name>
         <value>0x4960</value>
         <object_component_ref idref="oc-10f"/>
      </symbol>
      <symbol id="sm-32e">
         <name>__remlli</name>
         <value>0x4931</value>
         <object_component_ref idref="oc-10f"/>
      </symbol>
      <symbol id="sm-32f">
         <name>__divlli</name>
         <value>0x4b0c</value>
         <object_component_ref idref="oc-10f"/>
      </symbol>
      <symbol id="sm-330">
         <name>__remull</name>
         <value>0x48e3</value>
         <object_component_ref idref="oc-10f"/>
      </symbol>
      <symbol id="sm-33a">
         <name>_ltoa</name>
         <value>0x6880</value>
         <object_component_ref idref="oc-113"/>
      </symbol>
      <symbol id="sm-345">
         <name>_memccpy</name>
         <value>0x7039</value>
         <object_component_ref idref="oc-117"/>
      </symbol>
      <symbol id="sm-34f">
         <name>__remli</name>
         <value>0x6e24</value>
         <object_component_ref idref="oc-11b"/>
      </symbol>
      <symbol id="sm-35a">
         <name>__remul</name>
         <value>0x6a61</value>
         <object_component_ref idref="oc-11f"/>
      </symbol>
      <symbol id="sm-364">
         <name>_setvbuf</name>
         <value>0x60b6</value>
         <object_component_ref idref="oc-123"/>
      </symbol>
      <symbol id="sm-374">
         <name>_strtod</name>
         <value>0x4108</value>
         <object_component_ref idref="oc-127"/>
      </symbol>
      <symbol id="sm-37e">
         <name>_strtol</name>
         <value>0x51f4</value>
         <object_component_ref idref="oc-12c"/>
      </symbol>
      <symbol id="sm-38e">
         <name>_strtold</name>
         <value>0x43c5</value>
         <object_component_ref idref="oc-130"/>
      </symbol>
      <symbol id="sm-398">
         <name>_strtoll</name>
         <value>0x3e07</value>
         <object_component_ref idref="oc-135"/>
      </symbol>
      <symbol id="sm-3a2">
         <name>_strtoul</name>
         <value>0x59c6</value>
         <object_component_ref idref="oc-139"/>
      </symbol>
      <symbol id="sm-3ac">
         <name>_strtoull</name>
         <value>0x4d9b</value>
         <object_component_ref idref="oc-13d"/>
      </symbol>
      <symbol id="sm-3b6">
         <name>__divli</name>
         <value>0x6e6f</value>
         <object_component_ref idref="oc-141"/>
      </symbol>
      <symbol id="sm-3c0">
         <name>_errno</name>
         <value>0xc93e</value>
         <object_component_ref idref="oc-145"/>
      </symbol>
      <symbol id="sm-3c8">
         <name>__remi</name>
         <value>0x6f94</value>
         <object_component_ref idref="oc-149"/>
      </symbol>
      <symbol id="sm-3c9">
         <name>__divi</name>
         <value>0x6f75</value>
         <object_component_ref idref="oc-149"/>
      </symbol>
      <symbol id="sm-3ca">
         <name>I$$MOD</name>
         <value>0x6f94</value>
         <object_component_ref idref="oc-149"/>
      </symbol>
      <symbol id="sm-3cb">
         <name>I$$DIV</name>
         <value>0x6f75</value>
         <object_component_ref idref="oc-149"/>
      </symbol>
   </symbol_table>
</link_info>
